Component: ARM Compiler 5.06 update 1 (build 61) Tool: armlink [4d35a8]

==============================================================================

Section Cross References

    main.o(i.EXTI15_10_IRQHandler) refers to stm32f10x_exti.o(i.EXTI_GetITStatus) for EXTI_GetITStatus
    main.o(i.EXTI15_10_IRQHandler) refers to delay.o(i.delay_xms) for delay_xms
    main.o(i.EXTI15_10_IRQHandler) refers to stm32f10x_gpio.o(i.GPIO_ReadInputDataBit) for GPIO_ReadInputDataBit
    main.o(i.EXTI15_10_IRQHandler) refers to queue.o(i.xQueueGiveFromISR) for xQueueGiveFromISR
    main.o(i.EXTI15_10_IRQHandler) refers to stm32f10x_exti.o(i.EXTI_ClearITPendingBit) for EXTI_ClearITPendingBit
    main.o(i.EXTI15_10_IRQHandler) refers to main.o(.data) for key1_sem
    main.o(i.EXTI1_IRQHandler) refers to stm32f10x_exti.o(i.EXTI_GetITStatus) for EXTI_GetITStatus
    main.o(i.EXTI1_IRQHandler) refers to delay.o(i.delay_xms) for delay_xms
    main.o(i.EXTI1_IRQHandler) refers to stm32f10x_gpio.o(i.GPIO_ReadInputDataBit) for GPIO_ReadInputDataBit
    main.o(i.EXTI1_IRQHandler) refers to queue.o(i.xQueueGiveFromISR) for xQueueGiveFromISR
    main.o(i.EXTI1_IRQHandler) refers to stm32f10x_exti.o(i.EXTI_ClearITPendingBit) for EXTI_ClearITPendingBit
    main.o(i.EXTI1_IRQHandler) refers to main.o(.data) for key2_sem
    main.o(i.TIM4_IRQHandler) refers to stm32f10x_tim.o(i.TIM_GetITStatus) for TIM_GetITStatus
    main.o(i.TIM4_IRQHandler) refers to stm32f10x_tim.o(i.TIM_ClearITPendingBit) for TIM_ClearITPendingBit
    main.o(i.TIM4_IRQHandler) refers to queue.o(i.xQueueGiveFromISR) for xQueueGiveFromISR
    main.o(i.TIM4_IRQHandler) refers to main.o(.data) for heating_sem
    main.o(i.cooking_task) refers to queue.o(i.xQueueGenericReceive) for xQueueGenericReceive
    main.o(i.cooking_task) refers to gui.o(i.LCD_ShowNum) for LCD_ShowNum
    main.o(i.cooking_task) refers to micro_wave_oven.o(i.stop_cooking) for stop_cooking
    main.o(i.cooking_task) refers to beep.o(i.buzzer_beep) for buzzer_beep
    main.o(i.cooking_task) refers to gui.o(i.LCD_Fill) for LCD_Fill
    main.o(i.cooking_task) refers to gui.o(i.Show_Str) for Show_Str
    main.o(i.cooking_task) refers to micro_wave_oven.o(i.power_display) for power_display
    main.o(i.cooking_task) refers to micro_wave_oven.o(i.end_cooking) for end_cooking
    main.o(i.cooking_task) refers to main.o(.data) for heating_sem
    main.o(i.dht11_task) refers to dht11.o(i.DHT_Read_Data) for DHT_Read_Data
    main.o(i.dht11_task) refers to gui.o(i.Show_Str) for Show_Str
    main.o(i.dht11_task) refers to gui.o(i.LCD_ShowNum) for LCD_ShowNum
    main.o(i.dht11_task) refers to micro_wave_oven.o(i.stop_cooking) for stop_cooking
    main.o(i.dht11_task) refers to beep.o(i.buzzer_beep) for buzzer_beep
    main.o(i.dht11_task) refers to micro_wave_oven.o(i.end_cooking) for end_cooking
    main.o(i.dht11_task) refers to gui.o(i.LCD_Fill) for LCD_Fill
    main.o(i.dht11_task) refers to delay.o(i.delay_ms) for delay_ms
    main.o(i.dht11_task) refers to main.o(.data) for p14
    main.o(i.key1_task) refers to queue.o(i.xQueueGenericReceive) for xQueueGenericReceive
    main.o(i.key1_task) refers to tasks.o(i.xTaskGetTickCount) for xTaskGetTickCount
    main.o(i.key1_task) refers to stm32f10x_gpio.o(i.GPIO_ReadInputDataBit) for GPIO_ReadInputDataBit
    main.o(i.key1_task) refers to beep.o(i.Beep_off) for Beep_off
    main.o(i.key1_task) refers to micro_wave_oven.o(i.plan_cooking) for plan_cooking
    main.o(i.key1_task) refers to gui.o(i.LCD_Fill) for LCD_Fill
    main.o(i.key1_task) refers to gui.o(i.Show_Str) for Show_Str
    main.o(i.key1_task) refers to micro_wave_oven.o(i.end_cooking) for end_cooking
    main.o(i.key1_task) refers to micro_wave_oven.o(i.stop_cooking) for stop_cooking
    main.o(i.key1_task) refers to beep.o(i.Beep_on) for Beep_on
    main.o(i.key1_task) refers to beep.o(i.buzzer_beep) for buzzer_beep
    main.o(i.key1_task) refers to micro_wave_oven.o(i.start_cooking) for start_cooking
    main.o(i.key1_task) refers to delay.o(i.delay_ms) for delay_ms
    main.o(i.key1_task) refers to main.o(.data) for key1_sem
    main.o(i.key2_task) refers to queue.o(i.xQueueGenericReceive) for xQueueGenericReceive
    main.o(i.key2_task) refers to tasks.o(i.xTaskGetTickCount) for xTaskGetTickCount
    main.o(i.key2_task) refers to stm32f10x_gpio.o(i.GPIO_ReadInputDataBit) for GPIO_ReadInputDataBit
    main.o(i.key2_task) refers to gui.o(i.LCD_ShowNum) for LCD_ShowNum
    main.o(i.key2_task) refers to micro_wave_oven.o(i.power_display) for power_display
    main.o(i.key2_task) refers to gui.o(i.LCD_Fill) for LCD_Fill
    main.o(i.key2_task) refers to gui.o(i.Show_Str) for Show_Str
    main.o(i.key2_task) refers to delay.o(i.delay_ms) for delay_ms
    main.o(i.key2_task) refers to main.o(.data) for key2_sem
    main.o(i.main) refers to misc.o(i.NVIC_PriorityGroupConfig) for NVIC_PriorityGroupConfig
    main.o(i.main) refers to delay.o(i.delay_init) for delay_init
[...]
    cooking_task                             0x0800243d   Thumb Code   164  main.o(i.cooking_task)
    i.delay_init                             0x080024f4   Section        0  delay.o(i.delay_init)
    i.delay_ms                               0x08002550   Section        0  delay.o(i.delay_ms)
    i.delay_us                               0x08002590   Section        0  delay.o(i.delay_us)
    i.delay_xms                              0x080025d8   Section        0  delay.o(i.delay_xms)
    i.dht11_task                             0x080025f0   Section        0  main.o(i.dht11_task)
    dht11_task                               0x080025f1   Thumb Code   154  main.o(i.dht11_task)
    i.eTaskConfirmSleepModeStatus            0x080026b0   Section        0  tasks.o(i.eTaskConfirmSleepModeStatus)
    i.end_cooking                            0x080026ec   Section        0  micro_wave_oven.o(i.end_cooking)
    i.fputc                                  0x08002704   Section        0  usart.o(i.fputc)
    i.key1_task                              0x08002720   Section        0  main.o(i.key1_task)
    key1_task                                0x08002721   Thumb Code   450  main.o(i.key1_task)
    i.key2_task                              0x08002918   Section        0  main.o(i.key2_task)
    key2_task                                0x08002919   Thumb Code   352  main.o(i.key2_task)
    i.led_config                             0x08002a9c   Section        0  led.o(i.led_config)
    i.led_off                                0x08002ac2   Section        0  led.o(i.led_off)
    i.led_on                                 0x08002ad0   Section        0  led.o(i.led_on)
    i.main                                   0x08002ae0   Section        0  main.o(i.main)
    i.micro_wave_init                        0x08002b80   Section        0  micro_wave_oven.o(i.micro_wave_init)
    i.mypow                                  0x08002c60   Section        0  gui.o(i.mypow)
    i.plan_cooking                           0x08002c78   Section        0  micro_wave_oven.o(i.plan_cooking)
    i.power_display                          0x08002c90   Section        0  micro_wave_oven.o(i.power_display)
    i.prvAddCurrentTaskToDelayedList         0x08002cf8   Section        0  tasks.o(i.prvAddCurrentTaskToDelayedList)
    prvAddCurrentTaskToDelayedList           0x08002cf9   Thumb Code   124  tasks.o(i.prvAddCurrentTaskToDelayedList)
    i.prvAddNewTaskToReadyList               0x08002d90   Section        0  tasks.o(i.prvAddNewTaskToReadyList)
    prvAddNewTaskToReadyList                 0x08002d91   Thumb Code   156  tasks.o(i.prvAddNewTaskToReadyList)
    i.prvCheckForValidListAndQueue           0x08002e48   Section        0  timers.o(i.prvCheckForValidListAndQueue)
    prvCheckForValidListAndQueue             0x08002e49   Thumb Code    72  timers.o(i.prvCheckForValidListAndQueue)
    i.prvCheckTasksWaitingTermination        0x08002eac   Section        0  tasks.o(i.prvCheckTasksWaitingTermination)
    prvCheckTasksWaitingTermination          0x08002ead   Thumb Code    86  tasks.o(i.prvCheckTasksWaitingTermination)
    i.prvCopyDataFromQueue                   0x08002f10   Section        0  queue.o(i.prvCopyDataFromQueue)
    prvCopyDataFromQueue                     0x08002f11   Thumb Code    42  queue.o(i.prvCopyDataFromQueue)
    i.prvCopyDataToQueue                     0x08002f3a   Section        0  queue.o(i.prvCopyDataToQueue)
    prvCopyDataToQueue                       0x08002f3b   Thumb Code   124  queue.o(i.prvCopyDataToQueue)
    i.prvDeleteTCB                           0x08002fb6   Section        0  tasks.o(i.prvDeleteTCB)
    prvDeleteTCB                             0x08002fb7   Thumb Code    18  tasks.o(i.prvDeleteTCB)
    i.prvGetExpectedIdleTime                 0x08002fc8   Section        0  tasks.o(i.prvGetExpectedIdleTime)
    prvGetExpectedIdleTime                   0x08002fc9   Thumb Code    56  tasks.o(i.prvGetExpectedIdleTime)
    i.prvGetNextExpireTime                   0x08003014   Section        0  timers.o(i.prvGetNextExpireTime)
    prvGetNextExpireTime                     0x08003015   Thumb Code    36  timers.o(i.prvGetNextExpireTime)
    i.prvHeapInit                            0x0800303c   Section        0  heap_4.o(i.prvHeapInit)
    prvHeapInit                              0x0800303d   Thumb Code    98  heap_4.o(i.prvHeapInit)
    i.prvIdleTask                            0x080030b8   Section        0  tasks.o(i.prvIdleTask)
    prvIdleTask                              0x080030b9   Thumb Code    98  tasks.o(i.prvIdleTask)
    i.prvInitialiseNewQueue                  0x08003150   Section        0  queue.o(i.prvInitialiseNewQueue)
    prvInitialiseNewQueue                    0x08003151   Thumb Code    46  queue.o(i.prvInitialiseNewQueue)
    i.prvInitialiseNewTask                   0x08003180   Section        0  tasks.o(i.prvInitialiseNewTask)
    prvInitialiseNewTask                     0x08003181   Thumb Code   170  tasks.o(i.prvInitialiseNewTask)
    i.prvInitialiseTaskLists                 0x08003250   Section        0  tasks.o(i.prvInitialiseTaskLists)
    prvInitialiseTaskLists                   0x08003251   Thumb Code    70  tasks.o(i.prvInitialiseTaskLists)
    i.prvInsertBlockIntoFreeList             0x080032b8   Section        0  heap_4.o(i.prvInsertBlockIntoFreeList)
    prvInsertBlockIntoFreeList               0x080032b9   Thumb Code    96  heap_4.o(i.prvInsertBlockIntoFreeList)
    i.prvInsertTimerInActiveList             0x08003320   Section        0  timers.o(i.prvInsertTimerInActiveList)
    prvInsertTimerInActiveList               0x08003321   Thumb Code    80  timers.o(i.prvInsertTimerInActiveList)
    i.prvIsQueueEmpty                        0x08003378   Section        0  queue.o(i.prvIsQueueEmpty)
    prvIsQueueEmpty                          0x08003379   Thumb Code    26  queue.o(i.prvIsQueueEmpty)
    i.prvIsQueueFull                         0x08003392   Section        0  queue.o(i.prvIsQueueFull)
    prvIsQueueFull                           0x08003393   Thumb Code    30  queue.o(i.prvIsQueueFull)
    i.prvNotifyQueueSetContainer             0x080033b0   Section        0  queue.o(i.prvNotifyQueueSetContainer)
    prvNotifyQueueSetContainer               0x080033b1   Thumb Code   124  queue.o(i.prvNotifyQueueSetContainer)
    i.prvProcessExpiredTimer                 0x08003450   Section        0  timers.o(i.prvProcessExpiredTimer)
    prvProcessExpiredTimer                   0x08003451   Thumb Code    84  timers.o(i.prvProcessExpiredTimer)
    i.prvProcessReceivedCommands             0x080034d0   Section        0  timers.o(i.prvProcessReceivedCommands)
    prvProcessReceivedCommands               0x080034d1   Thumb Code   254  timers.o(i.prvProcessReceivedCommands)
    i.prvProcessTimerOrBlockTask             0x080035fc   Section        0  timers.o(i.prvProcessTimerOrBlockTask)
    prvProcessTimerOrBlockTask               0x080035fd   Thumb Code   102  timers.o(i.prvProcessTimerOrBlockTask)
    i.prvResetNextTaskUnblockTime            0x08003670   Section        0  tasks.o(i.prvResetNextTaskUnblockTime)
    prvResetNextTaskUnblockTime              0x08003671   Thumb Code    42  tasks.o(i.prvResetNextTaskUnblockTime)
    i.prvSampleTimeNow                       0x080036a4   Section        0  timers.o(i.prvSampleTimeNow)
    prvSampleTimeNow                         0x080036a5   Thumb Code    40  timers.o(i.prvSampleTimeNow)
    i.prvSwitchTimerLists                    0x080036d0   Section        0  timers.o(i.prvSwitchTimerLists)
    prvSwitchTimerLists                      0x080036d1   Thumb Code   140  timers.o(i.prvSwitchTimerLists)
    i.prvTaskExitError                       0x0800378c   Section        0  port.o(i.prvTaskExitError)
    prvTaskExitError                         0x0800378d   Thumb Code    48  port.o(i.prvTaskExitError)
    i.prvTimerTask                           0x080037fc   Section        0  timers.o(i.prvTimerTask)
    prvTimerTask                             0x080037fd   Thumb Code    26  timers.o(i.prvTimerTask)
    i.prvUnlockQueue                         0x08003816   Section        0  queue.o(i.prvUnlockQueue)
    prvUnlockQueue                           0x08003817   Thumb Code   146  queue.o(i.prvUnlockQueue)
    i.pvPortMalloc                           0x080038a8   Section        0  heap_4.o(i.pvPortMalloc)
    i.pvTaskIncrementMutexHeldCount          0x080039fc   Section        0  tasks.o(i.pvTaskIncrementMutexHeldCount)
    i.pxPortInitialiseStack                  0x08003a1c   Section        0  port.o(i.pxPortInitialiseStack)
    i.readpin                                0x08003a40   Section        0  dht11.o(i.readpin)
    i.start_cooking                          0x08003a50   Section        0  micro_wave_oven.o(i.start_cooking)
    i.start_task                             0x08003ae4   Section        0  main.o(i.start_task)
    start_task                               0x08003ae5   Thumb Code   146  main.o(i.start_task)
    i.stop_cooking                           0x08003bdc   Section        0  micro_wave_oven.o(i.stop_cooking)
    i.uart_init                              0x08003c4c   Section        0  usart.o(i.uart_init)
    i.uxListRemove                           0x08003cec   Section        0  list.o(i.uxListRemove)
    i.vListInitialise                        0x08003d14   Section        0  list.o(i.vListInitialise)
    i.vListInitialiseItem                    0x08003d2e   Section        0  list.o(i.vListInitialiseItem)
    i.vListInsert                            0x08003d34   Section        0  list.o(i.vListInsert)
    i.vListInsertEnd                         0x08003d68   Section        0  list.o(i.vListInsertEnd)
    i.vPortEnterCritical                     0x08003d80   Section        0  port.o(i.vPortEnterCritical)
    i.vPortExitCritical                      0x08003e08   Section        0  port.o(i.vPortExitCritical)
    i.vPortFree                              0x08003e78   Section        0  heap_4.o(i.vPortFree)
    i.vPortSetupTimerInterrupt               0x08003f30   Section        0  port.o(i.vPortSetupTimerInterrupt)
    i.vPortSuppressTicksAndSleep             0x08003f8c   Section        0  port.o(i.vPortSuppressTicksAndSleep)
    i.vPortValidateInterruptPriority         0x080040e4   Section        0  port.o(i.vPortValidateInterruptPriority)
    i.vQueueAddToRegistry                    0x08004184   Section        0  queue.o(i.vQueueAddToRegistry)
    i.vQueueWaitForMessageRestricted         0x080041b0   Section        0  queue.o(i.vQueueWaitForMessageRestricted)
    i.vTaskDelay                             0x080041fc   Section        0  tasks.o(i.vTaskDelay)
    i.vTaskDelete                            0x08004270   Section        0  tasks.o(i.vTaskDelete)
    i.vTaskMissedYield                       0x0800437c   Section        0  tasks.o(i.vTaskMissedYield)
    i.vTaskPlaceOnEventList                  0x08004388   Section        0  tasks.o(i.vTaskPlaceOnEventList)
    i.vTaskPlaceOnEventListRestricted        0x080043dc   Section        0  tasks.o(i.vTaskPlaceOnEventListRestricted)
    i.vTaskPriorityInherit                   0x08004438   Section        0  tasks.o(i.vTaskPriorityInherit)
    i.vTaskSetTimeOutState                   0x080044e8   Section        0  tasks.o(i.vTaskSetTimeOutState)
    i.vTaskStartScheduler                    0x08004534   Section        0  tasks.o(i.vTaskStartScheduler)
    i.vTaskStepTick                          0x080045e0   Section        0  tasks.o(i.vTaskStepTick)
    i.vTaskSuspendAll                        0x08004640   Section        0  tasks.o(i.vTaskSuspendAll)
    i.vTaskSwitchContext                     0x08004650   Section        0  tasks.o(i.vTaskSwitchContext)
    i.xPortStartScheduler                    0x080046f8   Section        0  port.o(i.xPortStartScheduler)
    i.xPortSysTickHandler                    0x08004798   Section        0  port.o(i.xPortSysTickHandler)
    i.xQueueGenericCreate                    0x080047cc   Section        0  queue.o(i.xQueueGenericCreate)
    i.xQueueGenericReceive                   0x08004840   Section        0  queue.o(i.xQueueGenericReceive)
    i.xQueueGenericReset                     0x08004a08   Section        0  queue.o(i.xQueueGenericReset)
    i.xQueueGenericSend                      0x08004ab8   Section        0  queue.o(i.xQueueGenericSend)
    i.xQueueGenericSendFromISR               0x08004c7c   Section        0  queue.o(i.xQueueGenericSendFromISR)
    i.xQueueGiveFromISR                      0x08004d8c   Section        0  queue.o(i.xQueueGiveFromISR)
    i.xTaskCheckForTimeOut                   0x08004e88   Section        0  tasks.o(i.xTaskCheckForTimeOut)
    i.xTaskCreate                            0x08004f28   Section        0  tasks.o(i.xTaskCreate)
    i.xTaskGetSchedulerState                 0x08004f88   Section        0  tasks.o(i.xTaskGetSchedulerState)
    i.xTaskGetTickCount                      0x08004fa8   Section        0  tasks.o(i.xTaskGetTickCount)
    i.xTaskIncrementTick                     0x08004fb4   Section        0  tasks.o(i.xTaskIncrementTick)
    i.xTaskPriorityDisinherit                0x08005114   Section        0  tasks.o(i.xTaskPriorityDisinherit)
    i.xTaskRemoveFromEventList               0x080051ec   Section        0  tasks.o(i.xTaskRemoveFromEventList)
    i.xTaskResumeAll                         0x080052a4   Section        0  tasks.o(i.xTaskResumeAll)
    i.xTimerCreateTimerTask                  0x080053c4   Section        0  timers.o(i.xTimerCreateTimerTask)
    i.xTimerGenericCommand                   0x08005438   Section        0  timers.o(i.xTimerGenericCommand)
    .constdata                               0x080054dc   Section     5806  gui.o(.constdata)
    .data                                    0x20000000   Section       64  main.o(.data)
    key1_sem                                 0x20000014   Data           4  main.o(.data)
    key2_sem                                 0x20000018   Data           4  main.o(.data)
    heating_sem                              0x2000001c   Data           4  main.o(.data)
    p14                                      0x20000030   Data           8  main.o(.data)
    microwave                                0x20000038   Data           8  main.o(.data)
    .data                                    0x20000040   Section       20  system_stm32f10x.o(.data)
    .data                                    0x20000054   Section       12  dht11.o(.data)
    .data                                    0x20000060   Section        6  lcd.o(.data)
    .data                                    0x20000068   Section        6  usart.o(.data)
    .data                                    0x2000006e   Section        4  delay.o(.data)
    fac_us                                   0x2000006e   Data           1  delay.o(.data)
    fac_ms                                   0x20000070   Data           2  delay.o(.data)
    .data                                    0x20000072   Section       20  stm32f10x_rcc.o(.data)
    APBAHBPrescTable                         0x20000072   Data          16  stm32f10x_rcc.o(.data)
    ADCPrescTable                            0x20000082   Data           4  stm32f10x_rcc.o(.data)
    .data                                    0x20000088   Section       60  tasks.o(.data)
    pxDelayedTaskList                        0x2000008c   Data           4  tasks.o(.data)
    pxOverflowDelayedTaskList                0x20000090   Data           4  tasks.o(.data)
    uxDeletedTasksWaitingCleanUp             0x20000094   Data           4  tasks.o(.data)
    uxCurrentNumberOfTasks                   0x20000098   Data           4  tasks.o(.data)
    xTickCount                               0x2000009c   Data           4  tasks.o(.data)
    uxTopReadyPriority                       0x200000a0   Data           4  tasks.o(.data)
    xSchedulerRunning                        0x200000a4   Data           4  tasks.o(.data)
    uxPendedTicks                            0x200000a8   Data           4  tasks.o(.data)
    xYieldPending                            0x200000ac   Data           4  tasks.o(.data)
    xNumOfOverflows                          0x200000b0   Data           4  tasks.o(.data)
    uxTaskNumber                             0x200000b4   Data           4  tasks.o(.data)
    xNextTaskUnblockTime                     0x200000b8   Data           4  tasks.o(.data)
    xIdleTaskHandle                          0x200000bc   Data           4  tasks.o(.data)
    uxSchedulerSuspended                     0x200000c0   Data           4  tasks.o(.data)
    .data                                    0x200000c4   Section       20  timers.o(.data)
    pxCurrentTimerList                       0x200000c4   Data           4  timers.o(.data)
    pxOverflowTimerList                      0x200000c8   Data           4  timers.o(.data)
    xTimerQueue                              0x200000cc   Data           4  timers.o(.data)
    xTimerTaskHandle                         0x200000d0   Data           4  timers.o(.data)
    xLastTime                                0x200000d4   Data           4  timers.o(.data)
    .data                                    0x200000d8   Section       24  heap_4.o(.data)
    xStart                                   0x200000d8   Data           8  heap_4.o(.data)
    pxEnd                                    0x200000e0   Data           4  heap_4.o(.data)
    xFreeBytesRemaining                      0x200000e4   Data           4  heap_4.o(.data)
    xMinimumEverFreeBytesRemaining           0x200000e8   Data           4  heap_4.o(.data)
    xBlockAllocatedBit                       0x200000ec   Data           4  heap_4.o(.data)
    .data                                    0x200000f0   Section       24  port.o(.data)
    uxCriticalNesting                        0x200000f0   Data           4  port.o(.data)
    ulTimerCountsForOneTick                  0x200000f4   Data           4  port.o(.data)
    xMaximumPossibleSuppressedTicks          0x200000f8   Data           4  port.o(.data)
    ulStoppedTimerCompensation               0x200000fc   Data           4  port.o(.data)
    ucMaxSysCallPriority                     0x20000100   Data           1  port.o(.data)
    ulMaxPRIGROUPValue                       0x20000104   Data           4  port.o(.data)
    .bss                                     0x20000108   Section       14  lcd.o(.bss)
    .bss                                     0x20000116   Section      200  usart.o(.bss)
    .bss                                     0x200001e0   Section       64  queue.o(.bss)
    .bss                                     0x20000220   Section      740  tasks.o(.bss)
    pxReadyTasksLists                        0x20000220   Data         640  tasks.o(.bss)
    xDelayedTaskList1                        0x200004a0   Data          20  tasks.o(.bss)
    xDelayedTaskList2                        0x200004b4   Data          20  tasks.o(.bss)
    xPendingReadyList                        0x200004c8   Data          20  tasks.o(.bss)
    xTasksWaitingTermination                 0x200004dc   Data          20  tasks.o(.bss)
    xSuspendedTaskList                       0x200004f0   Data          20  tasks.o(.bss)
    .bss                                     0x20000504   Section       40  timers.o(.bss)
    xActiveTimerList1                        0x20000504   Data          20  timers.o(.bss)
    xActiveTimerList2                        0x20000518   Data          20  timers.o(.bss)
    .bss                                     0x2000052c   Section    10240  heap_4.o(.bss)
    ucHeap                                   0x2000052c   Data       10240  heap_4.o(.bss)
    .bss                                     0x20002d2c   Section       96  libspace.o(.bss)
    HEAP                                     0x20002d90   Section      512  startup_stm32f10x_md.o(HEAP)
    Heap_Mem                                 0x20002d90   Data         512  startup_stm32f10x_md.o(HEAP)
    STACK                                    0x20002f90   Section     1024  startup_stm32f10x_md.o(STACK)
    Stack_Mem                                0x20002f90   Data        1024  startup_stm32f10x_md.o(STACK)
    __initial_sp                             0x20003390   Data           0  startup_stm32f10x_md.o(STACK)

    Global Symbols

    Symbol Name                              Value     Ov Type        Size  Object(Section)

    BuildAttributes$$THM_ISAv4$P$D$K$B$S$PE$A:L22UL41UL21$X:L11$S22US41US21$IEEE1$IW$USESV6$~STKCKD$USESV7$~SHL$OSPACE$ROPI$EBA8$UX$STANDARDLIB$REQ8$PRES8$EABIv2 0x00000000   Number         0  anon$$obj.o ABSOLUTE
    __ARM_use_no_argv                        0x00000000   Number         0  main.o ABSOLUTE
    __ARM_exceptions_init                     - Undefined Weak Reference
    __alloca_initialize                       - Undefined Weak Reference
    __arm_preinit_                            - Undefined Weak Reference
    __cpp_initialize__aeabi_                  - Undefined Weak Reference
    __cxa_finalize                            - Undefined Weak Reference
    __rt_locale                               - Undefined Weak Reference
    __sigvec_lookup                           - Undefined Weak Reference
    _atexit_init                              - Undefined Weak Reference
    _call_atexit_fns                          - Undefined Weak Reference
    _clock_init                               - Undefined Weak Reference
    _fp_trap_init                             - Undefined Weak Reference
    _fp_trap_shutdown                         - Undefined Weak Reference
    _get_lc_collate                           - Undefined Weak Reference
    _get_lc_ctype                             - Undefined Weak Reference
    _get_lc_monetary                          - Undefined Weak Reference
    _get_lc_numeric                           - Undefined Weak Reference
    _get_lc_time                              - Undefined Weak Reference
    _getenv_init                              - Undefined Weak Reference
    _handle_redirection                       - Undefined Weak Reference
    _init_alloc                               - Undefined Weak Reference
    _init_user_alloc                          - Undefined Weak Reference
    _initio                                   - Undefined Weak Reference
    _mutex_acquire                            - Undefined Weak Reference
    _mutex_release                            - Undefined Weak Reference
    _printf_mbtowc                            - Undefined Weak Reference
    _printf_post_padding                      - Undefined Weak Reference
    _printf_pre_padding                       - Undefined Weak Reference
    _printf_truncate_signed                   - Undefined Weak Reference
    _printf_truncate_unsigned                 - Undefined Weak Reference
    _rand_init                                - Undefined Weak Reference
    _signal_finish                            - Undefined Weak Reference
    _signal_init                              - Undefined Weak Reference
    _terminate_alloc                          - Undefined Weak Reference
    _terminate_user_alloc                     - Undefined Weak Reference
    _terminateio                              - Undefined Weak Reference
    __Vectors_Size                           0x000000ec   Number         0  startup_stm32f10x_md.o ABSOLUTE
    __Vectors                                0x08000000   Data           4  startup_stm32f10x_md.o(RESET)
    __Vectors_End                            0x080000ec   Data           0  startup_stm32f10x_md.o(RESET)
    __main                                   0x080000ed   Thumb Code     8  __main.o(!!!main)
    __scatterload                            0x080000f5   Thumb Code     0  __scatter.o(!!!scatter)
    __scatterload_rt2                        0x080000f5   Thumb Code    44  __scatter.o(!!!scatter)
    __scatterload_rt2_thumb_only             0x080000f5   Thumb Code     0  __scatter.o(!!!scatter)
    __scatterload_null                       0x08000103   Thumb Code     0  __scatter.o(!!!scatter)
    __scatterload_copy                       0x08000129   Thumb Code    26  __scatter_copy.o(!!handler_copy)
    __scatterload_zeroinit                   0x08000145   Thumb Code    28  __scatter_zi.o(!!handler_zi)
    _printf_d                                0x08000161   Thumb Code     0  _printf_d.o(.ARM.Collect$$_printf_percent$$00000009)
    _printf_percent                          0x08000161   Thumb Code     0  _printf_percent.o(.ARM.Collect$$_printf_percent$$00000000)
    _printf_s                                0x08000167   Thumb Code     0  _printf_s.o(.ARM.Collect$$_printf_percent$$00000014)
    _printf_percent_end                      0x0800016d   Thumb Code     0  _printf_percent_end.o(.ARM.Collect$$_printf_percent$$00000017)
    __rt_lib_init                            0x08000171   Thumb Code     0  libinit.o(.ARM.Collect$$libinit$$00000000)
    __rt_lib_init_alloca_1                   0x08000173   Thumb Code     0  libinit2.o(.ARM.Collect$$libinit$$0000002E)
    __rt_lib_init_argv_1                     0x08000173   Thumb Code     0  libinit2.o(.ARM.Collect$$libinit$$0000002C)
    __rt_lib_init_atexit_1                   0x08000173   Thumb Code     0  libinit2.o(.ARM.Collect$$libinit$$0000001B)
    __rt_lib_init_clock_1                    0x08000173   Thumb Code     0  libinit2.o(.ARM.Collect$$libinit$$00000021)
    __rt_lib_init_cpp_1                      0x08000173   Thumb Code     0  libinit2.o(.ARM.Collect$$libinit$$00000032)
    __rt_lib_init_exceptions_1               0x08000173   Thumb Code     0  libinit2.o(.ARM.Collect$$libinit$$00000030)
    __rt_lib_init_fp_1                       0x08000173   Thumb Code     0  libinit2.o(.ARM.Collect$$libinit$$00000002)
    __rt_lib_init_fp_trap_1                  0x08000173   Thumb Code     0  libinit2.o(.ARM.Collect$$libinit$$0000001F)
    __rt_lib_init_getenv_1                   0x08000173   Thumb Code     0  libinit2.o(.ARM.Collect$$libinit$$00000023)
    __rt_lib_init_heap_1                     0x08000173   Thumb Code     0  libinit2.o(.ARM.Collect$$libinit$$0000000A)
    __rt_lib_init_lc_collate_1               0x08000173   Thumb Code     0  libinit2.o(.ARM.Collect$$libinit$$00000011)
    __rt_lib_init_lc_ctype_1                 0x08000173   Thumb Code     0  libinit2.o(.ARM.Collect$$libinit$$00000013)
    __rt_lib_init_lc_monetary_1              0x08000173   Thumb Code     0  libinit2.o(.ARM.Collect$$libinit$$00000015)
    __rt_lib_init_lc_numeric_1               0x08000173   Thumb Code     0  libinit2.o(.ARM.Collect$$libinit$$00000017)
    __rt_lib_init_lc_time_1                  0x08000173   Thumb Code     0  libinit2.o(.ARM.Collect$$libinit$$00000019)
    __rt_lib_init_preinit_1                  0x08000173   Thumb Code     0  libinit2.o(.ARM.Collect$$libinit$$00000004)
    __rt_lib_init_rand_1                     0x08000173   Thumb Code     0  libinit2.o(.ARM.Collect$$libinit$$0000000E)
    __rt_lib_init_return                     0x08000173   Thumb Code     0  libinit2.o(.ARM.Collect$$libinit$$00000033)
    __rt_lib_init_signal_1                   0x08000173   Thumb Code     0  libinit2.o(.ARM.Collect$$libinit$$0000001D)
    __rt_lib_init_stdio_1                    0x08000173   Thumb Code     0  libinit2.o(.ARM.Collect$$libinit$$00000025)
    __rt_lib_init_user_alloc_1               0x08000173   Thumb Code     0  libinit2.o(.ARM.Collect$$libinit$$0000000C)
    __rt_lib_shutdown                        0x08000175   Thumb Code     0  libshutdown.o(.ARM.Collect$$libshutdown$$00000000)
    __rt_lib_shutdown_cpp_1                  0x08000177   Thumb Code     0  libshutdown2.o(.ARM.Collect$$libshutdown$$00000002)
    __rt_lib_shutdown_fp_trap_1              0x08000177   Thumb Code     0  libshutdown2.o(.ARM.Collect$$libshutdown$$00000007)
    __rt_lib_shutdown_heap_1                 0x08000177   Thumb Code     0  libshutdown2.o(.ARM.Collect$$libshutdown$$0000000F)
    __rt_lib_shutdown_return                 0x08000177   Thumb Code     0  libshutdown2.o(.ARM.Collect$$libshutdown$$00000010)
    __rt_lib_shutdown_signal_1               0x08000177   Thumb Code     0  libshutdown2.o(.ARM.Collect$$libshutdown$$0000000A)
    __rt_lib_shutdown_stdio_1                0x08000177   Thumb Code     0  libshutdown2.o(.ARM.Collect$$libshutdown$$00000004)
    __rt_lib_shutdown_user_alloc_1           0x08000177   Thumb Code     0  libshutdown2.o(.ARM.Collect$$libshutdown$$0000000C)
    __rt_entry                               0x08000179   Thumb Code     0  __rtentry.o(.ARM.Collect$$rtentry$$00000000)
    __rt_entry_presh_1                       0x08000179   Thumb Code     0  __rtentry2.o(.ARM.Collect$$rtentry$$00000002)
    __rt_entry_sh                            0x08000179   Thumb Code     0  __rtentry4.o(.ARM.Collect$$rtentry$$00000004)
    __rt_entry_li                            0x0800017f   Thumb Code     0  __rtentry2.o(.ARM.Collect$$rtentry$$0000000A)
    __rt_entry_postsh_1                      0x0800017f   Thumb Code     0  __rtentry2.o(.ARM.Collect$$rtentry$$00000009)
    __rt_entry_main                          0x08000183   Thumb Code     0  __rtentry2.o(.ARM.Collect$$rtentry$$0000000D)
    __rt_entry_postli_1                      0x08000183   Thumb Code     0  __rtentry2.o(.ARM.Collect$$rtentry$$0000000C)
    __rt_exit                                0x0800018b   Thumb Code     0  rtexit.o(.ARM.Collect$$rtexit$$00000000)
    __rt_exit_ls                             0x0800018d   Thumb Code     0  rtexit2.o(.ARM.Collect$$rtexit$$00000003)
    __rt_exit_prels_1                        0x0800018d   Thumb Code     0  rtexit2.o(.ARM.Collect$$rtexit$$00000002)
    __rt_exit_exit                           0x08000191   Thumb Code     0  rtexit2.o(.ARM.Collect$$rtexit$$00000004)
    SVC_Handler                              0x08000199   Thumb Code    32  port.o(.emb_text)
    __asm___6_port_c_39a90d8d__prvStartFirstTask 0x080001bd   Thumb Code    28  port.o(.emb_text)
    PendSV_Handler                           0x080001dd   Thumb Code    72  port.o(.emb_text)
    vPortGetIPSR                             0x08000229   Thumb Code     6  port.o(.emb_text)
    Reset_Handler                            0x08000231   Thumb Code     8  startup_stm32f10x_md.o(.text)
    ADC1_2_IRQHandler                        0x0800024b   Thumb Code     0  startup_stm32f10x_md.o(.text)
    CAN1_RX1_IRQHandler                      0x0800024b   Thumb Code     0  startup_stm32f10x_md.o(.text)
    CAN1_SCE_IRQHandler                      0x0800024b   Thumb Code     0  startup_stm32f10x_md.o(.text)
    DMA1_Channel1_IRQHandler                 0x0800024b   Thumb Code     0  startup_stm32f10x_md.o(.text)
    DMA1_Channel2_IRQHandler                 0x0800024b   Thumb Code     0  startup_stm32f10x_md.o(.text)
    DMA1_Channel3_IRQHandler                 0x0800024b   Thumb Code     0  startup_stm32f10x_md.o(.text)
    DMA1_Channel4_IRQHandler                 0x0800024b   Thumb Code     0  startup_stm32f10x_md.o(.text)
    DMA1_Channel5_IRQHandler                 0x0800024b   Thumb Code     0  startup_stm32f10x_md.o(.text)
    DMA1_Channel6_IRQHandler                 0x0800024b   Thumb Code     0  startup_stm32f10x_md.o(.text)
    DMA1_Channel7_IRQHandler                 0x0800024b   Thumb Code     0  startup_stm32f10x_md.o(.text)
    EXTI0_IRQHandler                         0x0800024b   Thumb Code     0  startup_stm32f10x_md.o(.text)
    EXTI2_IRQHandler                         0x0800024b   Thumb Code     0  startup_stm32f10x_md.o(.text)
    EXTI3_IRQHandler                         0x0800024b   Thumb Code     0  startup_stm32f10x_md.o(.text)
    EXTI4_IRQHandler                         0x0800024b   Thumb Code     0  startup_stm32f10x_md.o(.text)
    EXTI9_5_IRQHandler                       0x0800024b   Thumb Code     0  startup_stm32f10x_md.o(.text)
    FLASH_IRQHandler                         0x0800024b   Thumb Code     0  startup_stm32f10x_md.o(.text)
    I2C1_ER_IRQHandler                       0x0800024b   Thumb Code     0  startup_stm32f10x_md.o(.text)
    I2C1_EV_IRQHandler                       0x0800024b   Thumb Code     0  startup_stm32f10x_md.o(.text)
    I2C2_ER_IRQHandler                       0x0800024b   Thumb Code     0  startup_stm32f10x_md.o(.text)
    I2C2_EV_IRQHandler                       0x0800024b   Thumb Code     0  startup_stm32f10x_md.o(.text)
    PVD_IRQHandler                           0x0800024b   Thumb Code     0  startup_stm32f10x_md.o(.text)
    RCC_IRQHandler                           0x0800024b   Thumb Code     0  startup_stm32f10x_md.o(.text)
    RTCAlarm_IRQHandler                      0x0800024b   Thumb Code     0  startup_stm32f10x_md.o(.text)
    RTC_IRQHandler                           0x0800024b   Thumb Code     0  startup_stm32f10x_md.o(.text)
    SPI1_IRQHandler                          0x0800024b   Thumb Code     0  startup_stm32f10x_md.o(.text)
    SPI2_IRQHandler                          0x0800024b   Thumb Code     0  startup_stm32f10x_md.o(.text)
    TAMPER_IRQHandler                        0x0800024b   Thumb Code     0  startup_stm32f10x_md.o(.text)
    TIM1_BRK_IRQHandler                      0x0800024b   Thumb Code     0  startup_stm32f10x_md.o(.text)
    TIM1_CC_IRQHandler                       0x0800024b   Thumb Code     0  startup_stm32f10x_md.o(.text)
    TIM1_TRG_COM_IRQHandler                  0x0800024b   Thumb Code     0  startup_stm32f10x_md.o(.text)
    TIM1_UP_IRQHandler                       0x0800024b   Thumb Code     0  startup_stm32f10x_md.o(.text)
    TIM2_IRQHandler                          0x0800024b   Thumb Code     0  startup_stm32f10x_md.o(.text)
    TIM3_IRQHandler                          0x0800024b   Thumb Code     0  startup_stm32f10x_md.o(.text)
    USART2_IRQHandler                        0x0800024b   Thumb Code     0  startup_stm32f10x_md.o(.text)
    USART3_IRQHandler                        0x0800024b   Thumb Code     0  startup_stm32f10x_md.o(.text)
    USBWakeUp_IRQHandler                     0x0800024b   Thumb Code     0  startup_stm32f10x_md.o(.text)
    USB_HP_CAN1_TX_IRQHandler                0x0800024b   Thumb Code     0  startup_stm32f10x_md.o(.text)
    USB_LP_CAN1_RX0_IRQHandler               0x0800024b   Thumb Code     0  startup_stm32f10x_md.o(.text)
    WWDG_IRQHandler                          0x0800024b   Thumb Code     0  startup_stm32f10x_md.o(.text)
    __user_initial_stackheap                 0x0800024d   Thumb Code     0  startup_stm32f10x_md.o(.text)
    __use_no_semihosting                     0x08000271   Thumb Code     2  use_no_semi_2.o(.text)
    __2printf                                0x08000275   Thumb Code    20  noretval__2printf.o(.text)
    __printf                                 0x0800028d   Thumb Code   104  __printf.o(.text)
    _printf_str                              0x080002f5   Thumb Code    82  _printf_str.o(.text)
    _printf_int_dec                          0x08000349   Thumb Code   104  _printf_dec.o(.text)
    __aeabi_memcpy                           0x080003c1   Thumb Code     0  rt_memcpy_v6.o(.text)
    __rt_memcpy                              0x080003c1   Thumb Code   138  rt_memcpy_v6.o(.text)
    _memcpy_lastbytes                        0x08000427   Thumb Code     0  rt_memcpy_v6.o(.text)
    __aeabi_memset                           0x0800044b   Thumb Code    16  aeabi_memset.o(.text)
    __use_two_region_memory                  0x0800045b   Thumb Code     2  heapauxi.o(.text)
    __rt_heap_escrow$2region                 0x0800045d   Thumb Code     2  heapauxi.o(.text)
    __rt_heap_expand$2region                 0x0800045f   Thumb Code     2  heapauxi.o(.text)
    __I$use$semihosting                      0x08000461   Thumb Code     0  use_no_semi.o(.text)
    __use_no_semihosting_swi                 0x08000461   Thumb Code     2  use_no_semi.o(.text)
    _printf_int_common                       0x08000463   Thumb Code   178  _printf_intcommon.o(.text)
    _printf_char_common                      0x0800051f   Thumb Code    32  _printf_char_common.o(.text)
    _printf_cs_common                        0x08000545   Thumb Code    20  _printf_char.o(.text)
    _printf_char                             0x08000559   Thumb Code    16  _printf_char.o(.text)
    _printf_string                           0x08000569   Thumb Code     8  _printf_char.o(.text)
    _printf_char_file                        0x08000571   Thumb Code    32  _printf_char_file.o(.text)
    __aeabi_memcpy4                          0x08000595   Thumb Code     0  rt_memcpy_w.o(.text)
    __aeabi_memcpy8                          0x08000595   Thumb Code     0  rt_memcpy_w.o(.text)
    __rt_memcpy_w                            0x08000595   Thumb Code   100  rt_memcpy_w.o(.text)
    _memcpy_lastbytes_aligned                0x080005dd   Thumb Code     0  rt_memcpy_w.o(.text)
    __aeabi_memclr                           0x080005f9   Thumb Code     0  rt_memclr.o(.text)
    __rt_memclr                              0x080005f9   Thumb Code    68  rt_memclr.o(.text)
    _memset                                  0x080005fd   Thumb Code     0  rt_memclr.o(.text)
    ferror                                   0x0800063d   Thumb Code     8  ferror.o(.text)
    __aeabi_memclr4                          0x08000645   Thumb Code     0  rt_memclr_w.o(.text)
    __aeabi_memclr8                          0x08000645   Thumb Code     0  rt_memclr_w.o(.text)
    __rt_memclr_w                            0x08000645   Thumb Code    78  rt_memclr_w.o(.text)
    _memset_w                                0x08000649   Thumb Code     0  rt_memclr_w.o(.text)
    __user_setup_stackheap                   0x08000693   Thumb Code    74  sys_stackheap_outer.o(.text)
    exit                                     0x080006dd   Thumb Code    18  exit.o(.text)
    __user_libspace                          0x080006f1   Thumb Code     8  libspace.o(.text)
    __user_perproc_libspace                  0x080006f1   Thumb Code     0  libspace.o(.text)
    __user_perthread_libspace                0x080006f1   Thumb Code     0  libspace.o(.text)
    Beep_Init                                0x080006f9   Thumb Code   130  beep.o(i.Beep_Init)
    Beep_config                              0x08000799   Thumb Code    38  beep.o(i.Beep_config)
    Beep_off                                 0x080007bf   Thumb Code    14  beep.o(i.Beep_off)
    Beep_on                                  0x080007cd   Thumb Code    14  beep.o(i.Beep_on)
    BusFault_Handler                         0x080007db   Thumb Code     4  stm32f10x_it.o(i.BusFault_Handler)
    DHT11_Read                               0x080007df   Thumb Code    38  dht11.o(i.DHT11_Read)
    DHT11_Start                              0x08000805   Thumb Code    74  dht11.o(i.DHT11_Start)
    DHT_Read_Byte                            0x0800084f   Thumb Code   110  dht11.o(i.DHT_Read_Byte)
    DHT_Read_Data                            0x080008bd   Thumb Code   194  dht11.o(i.DHT_Read_Data)
    DebugMon_Handler                         0x08000989   Thumb Code     2  stm32f10x_it.o(i.DebugMon_Handler)
    EXTI15_10_IRQHandler                     0x0800098d   Thumb Code    74  main.o(i.EXTI15_10_IRQHandler)
    EXTI1_IRQHandler                         0x080009e5   Thumb Code    68  main.o(i.EXTI1_IRQHandler)
    EXTIX_Init                               0x08000a35   Thumb Code   144  exti.o(i.EXTIX_Init)
    EXTI_ClearITPendingBit                   0x08000ac5   Thumb Code     6  stm32f10x_exti.o(i.EXTI_ClearITPendingBit)
    EXTI_GetITStatus                         0x08000ad1   Thumb Code    34  stm32f10x_exti.o(i.EXTI_GetITStatus)
    EXTI_Init                                0x08000af9   Thumb Code   142  stm32f10x_exti.o(i.EXTI_Init)
    GPIO_EXTILineConfig                      0x08000b8d   Thumb Code    60  stm32f10x_gpio.o(i.GPIO_EXTILineConfig)
    GPIO_Init                                0x08000bcd   Thumb Code   278  stm32f10x_gpio.o(i.GPIO_Init)
    GPIO_ReadInputDataBit                    0x08000ce3   Thumb Code    18  stm32f10x_gpio.o(i.GPIO_ReadInputDataBit)
    GPIO_ResetBits                           0x08000cf5   Thumb Code     4  stm32f10x_gpio.o(i.GPIO_ResetBits)
    GPIO_SetBits                             0x08000cf9   Thumb Code     4  stm32f10x_gpio.o(i.GPIO_SetBits)
    GUI_DrawFont16                           0x08000cfd   Thumb Code   252  gui.o(i.GUI_DrawFont16)
    GUI_DrawFont24                           0x08000e05   Thumb Code   268  gui.o(i.GUI_DrawFont24)
    GUI_DrawFont32                           0x08000f1d   Thumb Code   252  gui.o(i.GUI_DrawFont32)
    HardFault_Handler                        0x08001025   Thumb Code     4  stm32f10x_it.o(i.HardFault_Handler)
    LCD_Clear                                0x08001029   Thumb Code    88  lcd.o(i.LCD_Clear)
    LCD_DrawPoint                            0x08001089   Thumb Code    24  lcd.o(i.LCD_DrawPoint)
    LCD_Fill                                 0x080010a5   Thumb Code   110  gui.o(i.LCD_Fill)
    LCD_GPIOInit                             0x08001119   Thumb Code    40  lcd.o(i.LCD_GPIOInit)
    LCD_Init                                 0x08001145   Thumb Code   570  lcd.o(i.LCD_Init)
    LCD_RESET                                0x08001385   Thumb Code    34  lcd.o(i.LCD_RESET)
    LCD_SetCursor                            0x080013ad   Thumb Code    20  lcd.o(i.LCD_SetCursor)
    LCD_SetWindows                           0x080013c1   Thumb Code    84  lcd.o(i.LCD_SetWindows)
    LCD_ShowChar                             0x08001419   Thumb Code   276  gui.o(i.LCD_ShowChar)
    LCD_ShowNum                              0x0800153d   Thumb Code   168  gui.o(i.LCD_ShowNum)
    LCD_WR_DATA                              0x080015ed   Thumb Code    38  lcd.o(i.LCD_WR_DATA)
    LCD_WR_REG                               0x0800161d   Thumb Code    36  lcd.o(i.LCD_WR_REG)
    LCD_WriteRAM_Prepare                     0x08001649   Thumb Code    12  lcd.o(i.LCD_WriteRAM_Prepare)
    LCD_WriteReg                             0x08001659   Thumb Code    20  lcd.o(i.LCD_WriteReg)
    LCD_direction                            0x0800166d   Thumb Code   120  lcd.o(i.LCD_direction)
    LED_Init                                 0x080016e9   Thumb Code   130  led.o(i.LED_Init)
    Lcd_WriteData_16Bit                      0x08001789   Thumb Code    46  lcd.o(i.Lcd_WriteData_16Bit)
    MemManage_Handler                        0x080017c1   Thumb Code     4  stm32f10x_it.o(i.MemManage_Handler)
    NMI_Handler                              0x080017c5   Thumb Code     2  stm32f10x_it.o(i.NMI_Handler)
    NVIC_Init                                0x080017c9   Thumb Code   100  misc.o(i.NVIC_Init)
    NVIC_PriorityGroupConfig                 0x08001839   Thumb Code    10  misc.o(i.NVIC_PriorityGroupConfig)
    POST_SLEEP_PROCESSING                    0x0800184d   Thumb Code    30  micro_wave_oven.o(i.POST_SLEEP_PROCESSING)
    PRE_SLEEP_PROCESSING                     0x0800186b   Thumb Code    30  micro_wave_oven.o(i.PRE_SLEEP_PROCESSING)
    RCC_APB1PeriphClockCmd                   0x08001889   Thumb Code    26  stm32f10x_rcc.o(i.RCC_APB1PeriphClockCmd)
    RCC_APB2PeriphClockCmd                   0x080018a9   Thumb Code    26  stm32f10x_rcc.o(i.RCC_APB2PeriphClockCmd)
    RCC_GetClocksFreq                        0x080018c9   Thumb Code   192  stm32f10x_rcc.o(i.RCC_GetClocksFreq)
    SPI1_Init                                0x0800199d   Thumb Code   144  spi.o(i.SPI1_Init)
    SPI_Cmd                                  0x08001a35   Thumb Code    24  stm32f10x_spi.o(i.SPI_Cmd)
    SPI_Init                                 0x08001a4d   Thumb Code    60  stm32f10x_spi.o(i.SPI_Init)
    SPI_WriteByte                            0x08001a89   Thumb Code    34  spi.o(i.SPI_WriteByte)
    Show_Str                                 0x08001b95   Thumb Code   264  gui.o(i.Show_Str)
    SysTick_CLKSourceConfig                  0x08001ca1   Thumb Code    40  misc.o(i.SysTick_CLKSourceConfig)
    SysTick_Handler                          0x08001cc9   Thumb Code    16  delay.o(i.SysTick_Handler)
    SystemInit                               0x08001cd9   Thumb Code    78  system_stm32f10x.o(i.SystemInit)
    TIM2_PWM_Init                            0x08001d39   Thumb Code   144  timer.o(i.TIM2_PWM_Init)
    TIM3_PWM_Init                            0x08001dcd   Thumb Code   122  timer.o(i.TIM3_PWM_Init)
    TIM4_IRQHandler                          0x08001e51   Thumb Code    56  main.o(i.TIM4_IRQHandler)
    TIM4_Int_Init                            0x08001e95   Thumb Code    90  timer.o(i.TIM4_Int_Init)
    TIM_ClearITPendingBit                    0x08001ef5   Thumb Code     6  stm32f10x_tim.o(i.TIM_ClearITPendingBit)
    TIM_Cmd                                  0x08001efb   Thumb Code    24  stm32f10x_tim.o(i.TIM_Cmd)
    TIM_GetITStatus                          0x08001f13   Thumb Code    34  stm32f10x_tim.o(i.TIM_GetITStatus)
    TIM_ITConfig                             0x08001f35   Thumb Code    18  stm32f10x_tim.o(i.TIM_ITConfig)
    TIM_OC2Init                              0x08001f49   Thumb Code   154  stm32f10x_tim.o(i.TIM_OC2Init)
    TIM_OC2PreloadConfig                     0x08001fed   Thumb Code    26  stm32f10x_tim.o(i.TIM_OC2PreloadConfig)
    TIM_OC3Init                              0x08002009   Thumb Code   150  stm32f10x_tim.o(i.TIM_OC3Init)
    TIM_OC3PreloadConfig                     0x080020a9   Thumb Code    18  stm32f10x_tim.o(i.TIM_OC3PreloadConfig)
    TIM_SetCompare2                          0x080020bb   Thumb Code     4  stm32f10x_tim.o(i.TIM_SetCompare2)
    TIM_SetCompare3                          0x080020bf   Thumb Code     4  stm32f10x_tim.o(i.TIM_SetCompare3)
    TIM_TimeBaseInit                         0x080020c5   Thumb Code   122  stm32f10x_tim.o(i.TIM_TimeBaseInit)
    USART1_IRQHandler                        0x08002169   Thumb Code   122  usart.o(i.USART1_IRQHandler)
    USART_Cmd                                0x080021f1   Thumb Code    24  stm32f10x_usart.o(i.USART_Cmd)
    USART_DMACmd                             0x08002209   Thumb Code    18  stm32f10x_usart.o(i.USART_DMACmd)
    USART_GetITStatus                        0x0800221b   Thumb Code    84  stm32f10x_usart.o(i.USART_GetITStatus)
    USART_Init                               0x08002271   Thumb Code   210  stm32f10x_usart.o(i.USART_Init)
    USART_ReceiveData                        0x08002349   Thumb Code    10  stm32f10x_usart.o(i.USART_ReceiveData)
    UsageFault_Handler                       0x08002353   Thumb Code     4  stm32f10x_it.o(i.UsageFault_Handler)
    _sys_exit                                0x08002357   Thumb Code     4  usart.o(i._sys_exit)
    buzzer_beep                              0x0800235d   Thumb Code    58  beep.o(i.buzzer_beep)
    chushi                                   0x0800239d   Thumb Code   130  dht11.o(i.chushi)
    delay_init                               0x080024f5   Thumb Code    74  delay.o(i.delay_init)
    delay_ms                                 0x08002551   Thumb Code    60  delay.o(i.delay_ms)
    delay_us                                 0x08002591   Thumb Code    68  delay.o(i.delay_us)
    delay_xms                                0x080025d9   Thumb Code    24  delay.o(i.delay_xms)
    eTaskConfirmSleepModeStatus              0x080026b1   Thumb Code    42  tasks.o(i.eTaskConfirmSleepModeStatus)
    end_cooking                              0x080026ed   Thumb Code    20  micro_wave_oven.o(i.end_cooking)
    fputc                                    0x08002705   Thumb Code    24  usart.o(i.fputc)
    led_config                               0x08002a9d   Thumb Code    38  led.o(i.led_config)
    led_off                                  0x08002ac3   Thumb Code    14  led.o(i.led_off)
    led_on                                   0x08002ad1   Thumb Code    14  led.o(i.led_on)
    main                                     0x08002ae1   Thumb Code   120  main.o(i.main)
    micro_wave_init                          0x08002b81   Thumb Code   176  micro_wave_oven.o(i.micro_wave_init)
    mypow                                    0x08002c61   Thumb Code    22  gui.o(i.mypow)
    plan_cooking                             0x08002c79   Thumb Code    18  micro_wave_oven.o(i.plan_cooking)
    power_display                            0x08002c91   Thumb Code    82  micro_wave_oven.o(i.power_display)
    pvPortMalloc                             0x080038a9   Thumb Code   262  heap_4.o(i.pvPortMalloc)
    pvTaskIncrementMutexHeldCount            0x080039fd   Thumb Code    26  tasks.o(i.pvTaskIncrementMutexHeldCount)
    pxPortInitialiseStack                    0x08003a1d   Thumb Code    30  port.o(i.pxPortInitialiseStack)
    readpin                                  0x08003a41   Thumb Code    14  dht11.o(i.readpin)
    start_cooking                            0x08003a51   Thumb Code   132  micro_wave_oven.o(i.start_cooking)
    stop_cooking                             0x08003bdd   Thumb Code    88  micro_wave_oven.o(i.stop_cooking)
    uart_init                                0x08003c4d   Thumb Code   150  usart.o(i.uart_init)
    uxListRemove                             0x08003ced   Thumb Code    40  list.o(i.uxListRemove)
    vListInitialise                          0x08003d15   Thumb Code    26  list.o(i.vListInitialise)
    vListInitialiseItem                      0x08003d2f   Thumb Code     6  list.o(i.vListInitialiseItem)
    vListInsert                              0x08003d35   Thumb Code    52  list.o(i.vListInsert)
    vListInsertEnd                           0x08003d69   Thumb Code    24  list.o(i.vListInsertEnd)
    vPortEnterCritical                       0x08003d81   Thumb Code    68  port.o(i.vPortEnterCritical)
    vPortExitCritical                        0x08003e09   Thumb Code    48  port.o(i.vPortExitCritical)
    vPortFree                                0x08003e79   Thumb Code   120  heap_4.o(i.vPortFree)
    vPortSetupTimerInterrupt                 0x08003f31   Thumb Code    76  port.o(i.vPortSetupTimerInterrupt)
    vPortSuppressTicksAndSleep               0x08003f8d   Thumb Code   332  port.o(i.vPortSuppressTicksAndSleep)
    vPortValidateInterruptPriority           0x080040e5   Thumb Code    86  port.o(i.vPortValidateInterruptPriority)
    vQueueAddToRegistry                      0x08004185   Thumb Code    38  queue.o(i.vQueueAddToRegistry)
    vQueueWaitForMessageRestricted           0x080041b1   Thumb Code    74  queue.o(i.vQueueWaitForMessageRestricted)
    vTaskDelay                               0x080041fd   Thumb Code    72  tasks.o(i.vTaskDelay)
    vTaskDelete                              0x08004271   Thumb Code   192  tasks.o(i.vTaskDelete)
    vTaskMissedYield                         0x0800437d   Thumb Code     8  tasks.o(i.vTaskMissedYield)
    vTaskPlaceOnEventList                    0x08004389   Thumb Code    42  tasks.o(i.vTaskPlaceOnEventList)
    vTaskPlaceOnEventListRestricted          0x080043dd   Thumb Code    50  tasks.o(i.vTaskPlaceOnEventListRestricted)
    vTaskPriorityInherit                     0x08004439   Thumb Code   164  tasks.o(i.vTaskPriorityInherit)
    vTaskSetTimeOutState                     0x080044e9   Thumb Code    32  tasks.o(i.vTaskSetTimeOutState)
    vTaskStartScheduler                      0x08004535   Thumb Code   108  tasks.o(i.vTaskStartScheduler)
    vTaskStepTick                            0x080045e1   Thumb Code    50  tasks.o(i.vTaskStepTick)
    vTaskSuspendAll                          0x08004641   Thumb Code    12  tasks.o(i.vTaskSuspendAll)
    vTaskSwitchContext                       0x08004651   Thumb Code   110  tasks.o(i.vTaskSwitchContext)
    xPortStartScheduler                      0x080046f9   Thumb Code   140  port.o(i.xPortStartScheduler)
    xPortSysTickHandler                      0x08004799   Thumb Code    46  port.o(i.xPortSysTickHandler)
    xQueueGenericCreate                      0x080047cd   Thumb Code    78  queue.o(i.xQueueGenericCreate)
    xQueueGenericReceive                     0x08004841   Thumb Code   416  queue.o(i.xQueueGenericReceive)
    xQueueGenericReset                       0x08004a09   Thumb Code   136  queue.o(i.xQueueGenericReset)
    xQueueGenericSend                        0x08004ab9   Thumb Code   412  queue.o(i.xQueueGenericSend)
    xQueueGenericSendFromISR                 0x08004c7d   Thumb Code   234  queue.o(i.xQueueGenericSendFromISR)
    xQueueGiveFromISR                        0x08004d8d   Thumb Code   216  queue.o(i.xQueueGiveFromISR)
    xTaskCheckForTimeOut                     0x08004e89   Thumb Code   116  tasks.o(i.xTaskCheckForTimeOut)
    xTaskCreate                              0x08004f29   Thumb Code    96  tasks.o(i.xTaskCreate)
    xTaskGetSchedulerState                   0x08004f89   Thumb Code    24  tasks.o(i.xTaskGetSchedulerState)
    xTaskGetTickCount                        0x08004fa9   Thumb Code     6  tasks.o(i.xTaskGetTickCount)
    xTaskIncrementTick                       0x08004fb5   Thumb Code   272  tasks.o(i.xTaskIncrementTick)
    xTaskPriorityDisinherit                  0x08005115   Thumb Code   168  tasks.o(i.xTaskPriorityDisinherit)
    xTaskRemoveFromEventList                 0x080051ed   Thumb Code   122  tasks.o(i.xTaskRemoveFromEventList)
    xTaskResumeAll                           0x080052a5   Thumb Code   214  tasks.o(i.xTaskResumeAll)
    xTimerCreateTimerTask                    0x080053c5   Thumb Code    56  timers.o(i.xTimerCreateTimerTask)
    xTimerGenericCommand                     0x08005439   Thumb Code   118  timers.o(i.xTimerGenericCommand)
    asc2_1206                                0x080054dc   Data        1140  gui.o(.constdata)
    asc2_1608                                0x08005950   Data        1520  gui.o(.constdata)
    tfont16                                  0x08005f40   Data        2108  gui.o(.constdata)
    tfont24                                  0x0800677c   Data         518  gui.o(.constdata)
    tfont32                                  0x08006982   Data         520  gui.o(.constdata)
    Region$$Table$$Base                      0x08006b8c   Number         0  anon$$obj.o(Region$$Table)
    Region$$Table$$Limit                     0x08006bac   Number         0  anon$$obj.o(Region$$Table)
    StartTask_Handler                        0x20000000   Data           4  main.o(.data)
    dht11_task_handler                       0x20000004   Data           4  main.o(.data)
    KEY1Task_Handler                         0x20000008   Data           4  main.o(.data)
    KEY2Task_Handler                         0x2000000c   Data           4  main.o(.data)
    CookingTask_Handler                      0x20000010   Data           4  main.o(.data)
    led1                                     0x20000020   Data           8  main.o(.data)
    bep                                      0x20000028   Data           8  main.o(.data)
    SystemCoreClock                          0x20000040   Data           4  system_stm32f10x.o(.data)
    AHBPrescTable                            0x20000044   Data          16  system_stm32f10x.o(.data)
    BUF                                      0x20000054   Data           5  dht11.o(.data)
    sum                                      0x2000005c   Data           4  dht11.o(.data)
    POINT_COLOR                              0x20000060   Data           2  lcd.o(.data)
    BACK_COLOR                               0x20000062   Data           2  lcd.o(.data)
    DeviceCode                               0x20000064   Data           2  lcd.o(.data)
    __stdout                                 0x20000068   Data           4  usart.o(.data)
    USART_RX_STA                             0x2000006c   Data           2  usart.o(.data)
    pxCurrentTCB                             0x20000088   Data           4  tasks.o(.data)
    lcddev                                   0x20000108   Data          14  lcd.o(.bss)
    USART_RX_BUF                             0x20000116   Data         200  usart.o(.bss)
    xQueueRegistry                           0x200001e0   Data          64  queue.o(.bss)
    __libspace_start                         0x20002d2c   Data          96  libspace.o(.bss)
    __temporary_stack_top$libspace           0x20002d8c   Data           0  libspace.o(.bss)



==============================================================================

Memory Map of the image

  Image Entry point : 0x080000ed

  Load Region LR_IROM1 (Base: 0x08000000, Size: 0x00006cb4, Max: 0x00010000, ABSOLUTE)

    Execution Region ER_IROM1 (Exec base: 0x08000000, Load base: 0x08000000, Size: 0x00006bac, Max: 0x00010000, ABSOLUTE)

    Exec Addr    Load Addr    Size         Type   Attr      Idx    E Section Name        Object

    0x08000000   0x08000000   0x000000ec   Data   RO         1038    RESET               startup_stm32f10x_md.o
    0x080000ec   0x080000ec   0x00000008   Code   RO         3730  * !!!main             c_w.l(__main.o)
    0x080000f4   0x080000f4   0x00000034   Code   RO         3908    !!!scatter          c_w.l(__scatter.o)
    0x08000128   0x08000128   0x0000001a   Code   RO         3910    !!handler_copy      c_w.l(__scatter_copy.o)
    0x08000142   0x08000142   0x00000002   PAD
    0x08000144   0x08000144   0x0000001c   Code   RO         3912    !!handler_zi        c_w.l(__scatter_zi.o)
    0x08000160   0x08000160   0x00000000   Code   RO         3719    .ARM.Collect$$_printf_percent$$00000000  c_w.l(_printf_percent.o)
    0x08000160   0x08000160   0x00000006   Code   RO         3717    .ARM.Collect$$_printf_percent$$00000009  c_w.l(_printf_d.o)
    0x08000166   0x08000166   0x00000006   Code   RO         3716    .ARM.Collect$$_printf_percent$$00000014  c_w.l(_printf_s.o)
    0x0800016c   0x0800016c   0x00000004   Code   RO         3745    .ARM.Collect$$_printf_percent$$00000017  c_w.l(_printf_percent_end.o)
    0x08000170   0x08000170   0x00000002   Code   RO         3782    .ARM.Collect$$libinit$$00000000  c_w.l(libinit.o)
    0x08000172   0x08000172   0x00000000   Code   RO         3789    .ARM.Collect$$libinit$$00000002  c_w.l(libinit2.o)
    0x08000172   0x08000172   0x00000000   Code   RO         3791    .ARM.Collect$$libinit$$00000004  c_w.l(libinit2.o)
    0x08000172   0x08000172   0x00000000   Code   RO         3794    .ARM.Collect$$libinit$$0000000A  c_w.l(libinit2.o)
    0x08000172   0x08000172   0x00000000   Code   RO         3796    .ARM.Collect$$libinit$$0000000C  c_w.l(libinit2.o)
    0x08000172   0x08000172   0x00000000   Code   RO         3798    .ARM.Collect$$libinit$$0000000E  c_w.l(libinit2.o)
    0x08000172   0x08000172   0x00000000   Code   RO         3801    .ARM.Collect$$libinit$$00000011  c_w.l(libinit2.o)
    0x08000172   0x08000172   0x00000000   Code   RO         3803    .ARM.Collect$$libinit$$00000013  c_w.l(libinit2.o)
    0x08000172   0x08000172   0x00000000   Code   RO         3805    .ARM.Collect$$libinit$$00000015  c_w.l(libinit2.o)
    0x08000172   0x08000172   0x00000000   Code   RO         3807    .ARM.Collect$$libinit$$00000017  c_w.l(libinit2.o)
    0x08000172   0x08000172   0x00000000   Code   RO         3809    .ARM.Collect$$libinit$$00000019  c_w.l(libinit2.o)
    0x08000172   0x08000172   0x00000000   Code   RO         3811    .ARM.Collect$$libinit$$0000001B  c_w.l(libinit2.o)
    0x08000172   0x08000172   0x00000000   Code   RO         3813    .ARM.Collect$$libinit$$0000001D  c_w.l(libinit2.o)
    0x08000172   0x08000172   0x00000000   Code   RO         3815    .ARM.Collect$$libinit$$0000001F  c_w.l(libinit2.o)
    0x08000172   0x08000172   0x00000000   Code   RO         3817    .ARM.Collect$$libinit$$00000021  c_w.l(libinit2.o)
    0x08000172   0x08000172   0x00000000   Code   RO         3819    .ARM.Collect$$libinit$$00000023  c_w.l(libinit2.o)
    0x08000172   0x08000172   0x00000000   Code   RO         3821    .ARM.Collect$$libinit$$00000025  c_w.l(libinit2.o)
    0x08000172   0x08000172   0x00000000   Code   RO         3825    .ARM.Collect$$libinit$$0000002C  c_w.l(libinit2.o)
    0x08000172   0x08000172   0x00000000   Code   RO         3827    .ARM.Collect$$libinit$$0000002E  c_w.l(libinit2.o)
    0x08000172   0x08000172   0x00000000   Code   RO         3829    .ARM.Collect$$libinit$$00000030  c_w.l(libinit2.o)
    0x08000172   0x08000172   0x00000000   Code   RO         3831    .ARM.Collect$$libinit$$00000032  c_w.l(libinit2.o)
    0x08000172   0x08000172   0x00000002   Code   RO         3832    .ARM.Collect$$libinit$$00000033  c_w.l(libinit2.o)
    0x08000174   0x08000174   0x00000002   Code   RO         3850    .ARM.Collect$$libshutdown$$00000000  c_w.l(libshutdown.o)
    0x08000176   0x08000176   0x00000000   Code   RO         3860    .ARM.Collect$$libshutdown$$00000002  c_w.l(libshutdown2.o)
    0x08000176   0x08000176   0x00000000   Code   RO         3862    .ARM.Collect$$libshutdown$$00000004  c_w.l(libshutdown2.o)
    0x08000176   0x08000176   0x00000000   Code   RO         3865    .ARM.Collect$$libshutdown$$00000007  c_w.l(libshutdown2.o)
    0x08000176   0x08000176   0x00000000   Code   RO         3868    .ARM.Collect$$libshutdown$$0000000A  c_w.l(libshutdown2.o)
    0x08000176   0x08000176   0x00000000   Code   RO         3870    .ARM.Collect$$libshutdown$$0000000C  c_w.l(libshutdown2.o)
    0x08000176   0x08000176   0x00000000   Code   RO         3873    .ARM.Collect$$libshutdown$$0000000F  c_w.l(libshutdown2.o)
    0x08000176   0x08000176   0x00000002   Code   RO         3874    .ARM.Collect$$libshutdown$$00000010  c_w.l(libshutdown2.o)
    0x08000178   0x08000178   0x00000000   Code   RO         3734    .ARM.Collect$$rtentry$$00000000  c_w.l(__rtentry.o)
    0x08000178   0x08000178   0x00000000   Code   RO         3751    .ARM.Collect$$rtentry$$00000002  c_w.l(__rtentry2.o)
    0x08000178   0x08000178   0x00000006   Code   RO         3763    .ARM.Collect$$rtentry$$00000004  c_w.l(__rtentry4.o)
    0x0800017e   0x0800017e   0x00000000   Code   RO         3753    .ARM.Collect$$rtentry$$00000009  c_w.l(__rtentry2.o)
    0x0800017e   0x0800017e   0x00000004   Code   RO         3754    .ARM.Collect$$rtentry$$0000000A  c_w.l(__rtentry2.o)
    0x08000182   0x08000182   0x00000000   Code   RO         3756    .ARM.Collect$$rtentry$$0000000C  c_w.l(__rtentry2.o)
    0x08000182   0x08000182   0x00000008   Code   RO         3757    .ARM.Collect$$rtentry$$0000000D  c_w.l(__rtentry2.o)
    0x0800018a   0x0800018a   0x00000002   Code   RO         3786    .ARM.Collect$$rtexit$$00000000  c_w.l(rtexit.o)
    0x0800018c   0x0800018c   0x00000000   Code   RO         3834    .ARM.Collect$$rtexit$$00000002  c_w.l(rtexit2.o)
    0x0800018c   0x0800018c   0x00000004   Code   RO         3835    .ARM.Collect$$rtexit$$00000003  c_w.l(rtexit2.o)
    0x08000190   0x08000190   0x00000006   Code   RO         3836    .ARM.Collect$$rtexit$$00000004  c_w.l(rtexit2.o)
    0x08000196   0x08000196   0x00000002   PAD
    0x08000198   0x08000198   0x00000096   Code   RO         3594    .emb_text           port.o
    0x0800022e   0x0800022e   0x00000002   PAD
    0x08000230   0x08000230   0x00000040   Code   RO         1039    .text               startup_stm32f10x_md.o
    0x08000270   0x08000270   0x00000002   Code   RO         3679    .text               c_w.l(use_no_semi_2.o)
    0x08000272   0x08000272   0x00000002   PAD
    0x08000274   0x08000274   0x00000018   Code   RO         3685    .text               c_w.l(noretval__2printf.o)
    0x0800028c   0x0800028c   0x00000068   Code   RO         3689    .text               c_w.l(__printf.o)
    0x080002f4   0x080002f4   0x00000052   Code   RO         3691    .text               c_w.l(_printf_str.o)
    0x08000346   0x08000346   0x00000002   PAD
    0x08000348   0x08000348   0x00000078   Code   RO         3693    .text               c_w.l(_printf_dec.o)
    0x080003c0   0x080003c0   0x0000008a   Code   RO         3724    .text               c_w.l(rt_memcpy_v6.o)
    0x0800044a   0x0800044a   0x00000010   Code   RO         3726    .text               c_w.l(aeabi_memset.o)
    0x0800045a   0x0800045a   0x00000006   Code   RO         3728    .text               c_w.l(heapauxi.o)
    0x08000460   0x08000460   0x00000002   Code   RO         3732    .text               c_w.l(use_no_semi.o)
    0x08000462   0x08000462   0x000000b2   Code   RO         3735    .text               c_w.l(_printf_intcommon.o)
    0x08000514   0x08000514   0x00000030   Code   RO         3737    .text               c_w.l(_printf_char_common.o)
    0x08000544   0x08000544   0x0000002c   Code   RO         3741    .text               c_w.l(_printf_char.o)
    0x08000570   0x08000570   0x00000024   Code   RO         3743    .text               c_w.l(_printf_char_file.o)
    0x08000594   0x08000594   0x00000064   Code   RO         3746    .text               c_w.l(rt_memcpy_w.o)
    0x080005f8   0x080005f8   0x00000044   Code   RO         3748    .text               c_w.l(rt_memclr.o)
    0x0800063c   0x0800063c   0x00000008   Code   RO         3767    .text               c_w.l(ferror.o)
    0x08000644   0x08000644   0x0000004e   Code   RO         3771    .text               c_w.l(rt_memclr_w.o)
    0x08000692   0x08000692   0x0000004a   Code   RO         3773    .text               c_w.l(sys_stackheap_outer.o)
    0x080006dc   0x080006dc   0x00000012   Code   RO         3775    .text               c_w.l(exit.o)
    0x080006ee   0x080006ee   0x00000002   PAD
    0x080006f0   0x080006f0   0x00000008   Code   RO         3783    .text               c_w.l(libspace.o)
    0x080006f8   0x080006f8   0x000000a0   Code   RO          390    i.Beep_Init         beep.o
    0x08000798   0x08000798   0x00000026   Code   RO          391    i.Beep_config       beep.o
    0x080007be   0x080007be   0x0000000e   Code   RO          392    i.Beep_off          beep.o
    0x080007cc   0x080007cc   0x0000000e   Code   RO          393    i.Beep_on           beep.o
    0x080007da   0x080007da   0x00000004   Code   RO          240    i.BusFault_Handler  stm32f10x_it.o
    0x080007de   0x080007de   0x00000026   Code   RO          345    i.DHT11_Read        dht11.o
    0x08000804   0x08000804   0x0000004a   Code   RO          346    i.DHT11_Start       dht11.o
    0x0800084e   0x0800084e   0x0000006e   Code   RO          347    i.DHT_Read_Byte     dht11.o
    0x080008bc   0x080008bc   0x000000cc   Code   RO          348    i.DHT_Read_Data     dht11.o
    0x08000988   0x08000988   0x00000002   Code   RO          241    i.DebugMon_Handler  stm32f10x_it.o
    0x0800098a   0x0800098a   0x00000002   PAD
    0x0800098c   0x0800098c   0x00000058   Code   RO            1    i.EXTI15_10_IRQHandler  main.o
    0x080009e4   0x080009e4   0x00000050   Code   RO            2    i.EXTI1_IRQHandler  main.o
    0x08000a34   0x08000a34   0x00000090   Code   RO          452    i.EXTIX_Init        exti.o
    0x08000ac4   0x08000ac4   0x0000000c   Code   RO         1152    i.EXTI_ClearITPendingBit  stm32f10x_exti.o
    0x08000ad0   0x08000ad0   0x00000028   Code   RO         1156    i.EXTI_GetITStatus  stm32f10x_exti.o
    0x08000af8   0x08000af8   0x00000094   Code   RO         1157    i.EXTI_Init         stm32f10x_exti.o
    0x08000b8c   0x08000b8c   0x00000040   Code   RO         1382    i.GPIO_EXTILineConfig  stm32f10x_gpio.o
    0x08000bcc   0x08000bcc   0x00000116   Code   RO         1385    i.GPIO_Init         stm32f10x_gpio.o
    0x08000ce2   0x08000ce2   0x00000012   Code   RO         1389    i.GPIO_ReadInputDataBit  stm32f10x_gpio.o
    0x08000cf4   0x08000cf4   0x00000004   Code   RO         1392    i.GPIO_ResetBits    stm32f10x_gpio.o
    0x08000cf8   0x08000cf8   0x00000004   Code   RO         1393    i.GPIO_SetBits      stm32f10x_gpio.o
    0x08000cfc   0x08000cfc   0x00000108   Code   RO          494    i.GUI_DrawFont16    gui.o
    0x08000e04   0x08000e04   0x00000118   Code   RO          495    i.GUI_DrawFont24    gui.o
    0x08000f1c   0x08000f1c   0x00000108   Code   RO          496    i.GUI_DrawFont32    gui.o
    0x08001024   0x08001024   0x00000004   Code   RO          242    i.HardFault_Handler  stm32f10x_it.o
    0x08001028   0x08001028   0x00000060   Code   RO          629    i.LCD_Clear         lcd.o
    0x08001088   0x08001088   0x0000001c   Code   RO          630    i.LCD_DrawPoint     lcd.o
    0x080010a4   0x080010a4   0x00000074   Code   RO          503    i.LCD_Fill          gui.o
    0x08001118   0x08001118   0x0000002c   Code   RO          631    i.LCD_GPIOInit      lcd.o
    0x08001144   0x08001144   0x00000240   Code   RO          632    i.LCD_Init          lcd.o
    0x08001384   0x08001384   0x00000028   Code   RO          633    i.LCD_RESET         lcd.o
    0x080013ac   0x080013ac   0x00000014   Code   RO          634    i.LCD_SetCursor     lcd.o
    0x080013c0   0x080013c0   0x00000058   Code   RO          635    i.LCD_SetWindows    lcd.o
    0x08001418   0x08001418   0x00000124   Code   RO          504    i.LCD_ShowChar      gui.o
    0x0800153c   0x0800153c   0x000000b0   Code   RO          505    i.LCD_ShowNum       gui.o
    0x080015ec   0x080015ec   0x00000030   Code   RO          636    i.LCD_WR_DATA       lcd.o
    0x0800161c   0x0800161c   0x0000002c   Code   RO          637    i.LCD_WR_REG        lcd.o
    0x08001648   0x08001648   0x00000010   Code   RO          638    i.LCD_WriteRAM_Prepare  lcd.o
    0x08001658   0x08001658   0x00000014   Code   RO          639    i.LCD_WriteReg      lcd.o
    0x0800166c   0x0800166c   0x0000007c   Code   RO          640    i.LCD_direction     lcd.o
    0x080016e8   0x080016e8   0x000000a0   Code   RO          723    i.LED_Init          led.o
    0x08001788   0x08001788   0x00000038   Code   RO          641    i.Lcd_WriteData_16Bit  lcd.o
    0x080017c0   0x080017c0   0x00000004   Code   RO          243    i.MemManage_Handler  stm32f10x_it.o
    0x080017c4   0x080017c4   0x00000002   Code   RO          244    i.NMI_Handler       stm32f10x_it.o
    0x080017c6   0x080017c6   0x00000002   PAD
    0x080017c8   0x080017c8   0x00000070   Code   RO         1043    i.NVIC_Init         misc.o
    0x08001838   0x08001838   0x00000014   Code   RO         1044    i.NVIC_PriorityGroupConfig  misc.o
    0x0800184c   0x0800184c   0x0000001e   Code   RO          840    i.POST_SLEEP_PROCESSING  micro_wave_oven.o
    0x0800186a   0x0800186a   0x0000001e   Code   RO          841    i.PRE_SLEEP_PROCESSING  micro_wave_oven.o
    0x08001888   0x08001888   0x00000020   Code   RO         1495    i.RCC_APB1PeriphClockCmd  stm32f10x_rcc.o
    0x080018a8   0x080018a8   0x00000020   Code   RO         1497    i.RCC_APB2PeriphClockCmd  stm32f10x_rcc.o
    0x080018c8   0x080018c8   0x000000d4   Code   RO         1505    i.RCC_GetClocksFreq  stm32f10x_rcc.o
    0x0800199c   0x0800199c   0x00000098   Code   RO          753    i.SPI1_Init         spi.o
    0x08001a34   0x08001a34   0x00000018   Code   RO         1788    i.SPI_Cmd           stm32f10x_spi.o
    0x08001a4c   0x08001a4c   0x0000003c   Code   RO         1801    i.SPI_Init          stm32f10x_spi.o
    0x08001a88   0x08001a88   0x00000022   Code   RO          755    i.SPI_WriteByte     spi.o
    0x08001aaa   0x08001aaa   0x00000008   Code   RO          311    i.SetSysClock       system_stm32f10x.o
    0x08001ab2   0x08001ab2   0x00000002   PAD
    0x08001ab4   0x08001ab4   0x000000e0   Code   RO          312    i.SetSysClockTo72   system_stm32f10x.o
    0x08001b94   0x08001b94   0x0000010c   Code   RO          507    i.Show_Str          gui.o
    0x08001ca0   0x08001ca0   0x00000028   Code   RO         1047    i.SysTick_CLKSourceConfig  misc.o
    0x08001cc8   0x08001cc8   0x00000010   Code   RO          975    i.SysTick_Handler   delay.o
    0x08001cd8   0x08001cd8   0x00000060   Code   RO          314    i.SystemInit        system_stm32f10x.o
    0x08001d38   0x08001d38   0x00000094   Code   RO          816    i.TIM2_PWM_Init     timer.o
    0x08001dcc   0x08001dcc   0x00000084   Code   RO          817    i.TIM3_PWM_Init     timer.o
    0x08001e50   0x08001e50   0x00000044   Code   RO            3    i.TIM4_IRQHandler   main.o
    0x08001e94   0x08001e94   0x00000060   Code   RO          818    i.TIM4_Int_Init     timer.o
    0x08001ef4   0x08001ef4   0x00000006   Code   RO         1938    i.TIM_ClearITPendingBit  stm32f10x_tim.o
    0x08001efa   0x08001efa   0x00000018   Code   RO         1943    i.TIM_Cmd           stm32f10x_tim.o
    0x08001f12   0x08001f12   0x00000022   Code   RO         1964    i.TIM_GetITStatus   stm32f10x_tim.o
    0x08001f34   0x08001f34   0x00000012   Code   RO         1968    i.TIM_ITConfig      stm32f10x_tim.o
    0x08001f46   0x08001f46   0x00000002   PAD
    0x08001f48   0x08001f48   0x000000a4   Code   RO         1977    i.TIM_OC2Init       stm32f10x_tim.o
    0x08001fec   0x08001fec   0x0000001a   Code   RO         1980    i.TIM_OC2PreloadConfig  stm32f10x_tim.o
    0x08002006   0x08002006   0x00000002   PAD
    0x08002008   0x08002008   0x000000a0   Code   RO         1982    i.TIM_OC3Init       stm32f10x_tim.o
    0x080020a8   0x080020a8   0x00000012   Code   RO         1985    i.TIM_OC3PreloadConfig  stm32f10x_tim.o
    0x080020ba   0x080020ba   0x00000004   Code   RO         2005    i.TIM_SetCompare2   stm32f10x_tim.o
    0x080020be   0x080020be   0x00000004   Code   RO         2006    i.TIM_SetCompare3   stm32f10x_tim.o
    0x080020c2   0x080020c2   0x00000002   PAD
    0x080020c4   0x080020c4   0x000000a4   Code   RO         2014    i.TIM_TimeBaseInit  stm32f10x_tim.o
    0x08002168   0x08002168   0x00000088   Code   RO          931    i.USART1_IRQHandler  usart.o
    0x080021f0   0x080021f0   0x00000018   Code   RO         2479    i.USART_Cmd         stm32f10x_usart.o
    0x08002208   0x08002208   0x00000012   Code   RO         2480    i.USART_DMACmd      stm32f10x_usart.o
    0x0800221a   0x0800221a   0x00000054   Code   RO         2483    i.USART_GetITStatus  stm32f10x_usart.o
    0x0800226e   0x0800226e   0x00000002   PAD
    0x08002270   0x08002270   0x000000d8   Code   RO         2486    i.USART_Init        stm32f10x_usart.o
    0x08002348   0x08002348   0x0000000a   Code   RO         2493    i.USART_ReceiveData  stm32f10x_usart.o
    0x08002352   0x08002352   0x00000004   Code   RO          245    i.UsageFault_Handler  stm32f10x_it.o
    0x08002356   0x08002356   0x00000004   Code   RO          932    i._sys_exit         usart.o
    0x0800235a   0x0800235a   0x00000002   PAD
    0x0800235c   0x0800235c   0x00000040   Code   RO          394    i.buzzer_beep       beep.o
    0x0800239c   0x0800239c   0x000000a0   Code   RO          349    i.chushi            dht11.o
    0x0800243c   0x0800243c   0x000000b8   Code   RO            4    i.cooking_task      main.o
    0x080024f4   0x080024f4   0x0000005c   Code   RO          976    i.delay_init        delay.o
    0x08002550   0x08002550   0x00000040   Code   RO          977    i.delay_ms          delay.o
    0x08002590   0x08002590   0x00000048   Code   RO          978    i.delay_us          delay.o
    0x080025d8   0x080025d8   0x00000018   Code   RO          979    i.delay_xms         delay.o
    0x080025f0   0x080025f0   0x000000c0   Code   RO            5    i.dht11_task        main.o
    0x080026b0   0x080026b0   0x0000003c   Code   RO         3036    i.eTaskConfirmSleepModeStatus  tasks.o
    0x080026ec   0x080026ec   0x00000018   Code   RO          842    i.end_cooking       micro_wave_oven.o
    0x08002704   0x08002704   0x0000001c   Code   RO          933    i.fputc             usart.o
    0x08002720   0x08002720   0x000001f8   Code   RO            6    i.key1_task         main.o
    0x08002918   0x08002918   0x00000184   Code   RO            7    i.key2_task         main.o
    0x08002a9c   0x08002a9c   0x00000026   Code   RO          724    i.led_config        led.o
    0x08002ac2   0x08002ac2   0x0000000e   Code   RO          725    i.led_off           led.o
    0x08002ad0   0x08002ad0   0x0000000e   Code   RO          726    i.led_on            led.o
    0x08002ade   0x08002ade   0x00000002   PAD
    0x08002ae0   0x08002ae0   0x000000a0   Code   RO            8    i.main              main.o
    0x08002b80   0x08002b80   0x000000e0   Code   RO          843    i.micro_wave_init   micro_wave_oven.o
    0x08002c60   0x08002c60   0x00000016   Code   RO          511    i.mypow             gui.o
    0x08002c76   0x08002c76   0x00000002   PAD
    0x08002c78   0x08002c78   0x00000018   Code   RO          844    i.plan_cooking      micro_wave_oven.o
    0x08002c90   0x08002c90   0x00000068   Code   RO          845    i.power_display     micro_wave_oven.o
    0x08002cf8   0x08002cf8   0x00000098   Code   RO         3039    i.prvAddCurrentTaskToDelayedList  tasks.o
    0x08002d90   0x08002d90   0x000000b8   Code   RO         3040    i.prvAddNewTaskToReadyList  tasks.o
    0x08002e48   0x08002e48   0x00000064   Code   RO         3415    i.prvCheckForValidListAndQueue  timers.o
    0x08002eac   0x08002eac   0x00000064   Code   RO         3041    i.prvCheckTasksWaitingTermination  tasks.o
    0x08002f10   0x08002f10   0x0000002a   Code   RO         2808    i.prvCopyDataFromQueue  queue.o
    0x08002f3a   0x08002f3a   0x0000007c   Code   RO         2809    i.prvCopyDataToQueue  queue.o
    0x08002fb6   0x08002fb6   0x00000012   Code   RO         3042    i.prvDeleteTCB      tasks.o
    0x08002fc8   0x08002fc8   0x0000004c   Code   RO         3043    i.prvGetExpectedIdleTime  tasks.o
    0x08003014   0x08003014   0x00000028   Code   RO         3416    i.prvGetNextExpireTime  timers.o
    0x0800303c   0x0800303c   0x0000007c   Code   RO         3545    i.prvHeapInit       heap_4.o
    0x080030b8   0x080030b8   0x00000098   Code   RO         3044    i.prvIdleTask       tasks.o
    0x08003150   0x08003150   0x0000002e   Code   RO         2811    i.prvInitialiseNewQueue  queue.o
    0x0800317e   0x0800317e   0x00000002   PAD
    0x08003180   0x08003180   0x000000d0   Code   RO         3045    i.prvInitialiseNewTask  tasks.o
    0x08003250   0x08003250   0x00000068   Code   RO         3046    i.prvInitialiseTaskLists  tasks.o
    0x080032b8   0x080032b8   0x00000068   Code   RO         3546    i.prvInsertBlockIntoFreeList  heap_4.o
    0x08003320   0x08003320   0x00000058   Code   RO         3418    i.prvInsertTimerInActiveList  timers.o
    0x08003378   0x08003378   0x0000001a   Code   RO         2812    i.prvIsQueueEmpty   queue.o
    0x08003392   0x08003392   0x0000001e   Code   RO         2813    i.prvIsQueueFull    queue.o
    0x080033b0   0x080033b0   0x000000a0   Code   RO         2814    i.prvNotifyQueueSetContainer  queue.o
    0x08003450   0x08003450   0x00000080   Code   RO         3419    i.prvProcessExpiredTimer  timers.o
    0x080034d0   0x080034d0   0x0000012c   Code   RO         3420    i.prvProcessReceivedCommands  timers.o
    0x080035fc   0x080035fc   0x00000074   Code   RO         3421    i.prvProcessTimerOrBlockTask  timers.o
    0x08003670   0x08003670   0x00000034   Code   RO         3048    i.prvResetNextTaskUnblockTime  tasks.o
    0x080036a4   0x080036a4   0x0000002c   Code   RO         3422    i.prvSampleTimeNow  timers.o
    0x080036d0   0x080036d0   0x000000bc   Code   RO         3423    i.prvSwitchTimerLists  timers.o
    0x0800378c   0x0800378c   0x00000070   Code   RO         3595    i.prvTaskExitError  port.o
    0x080037fc   0x080037fc   0x0000001a   Code   RO         3424    i.prvTimerTask      timers.o
    0x08003816   0x08003816   0x00000092   Code   RO         2815    i.prvUnlockQueue    queue.o
    0x080038a8   0x080038a8   0x00000154   Code   RO         3547    i.pvPortMalloc      heap_4.o
    0x080039fc   0x080039fc   0x00000020   Code   RO         3052    i.pvTaskIncrementMutexHeldCount  tasks.o
    0x08003a1c   0x08003a1c   0x00000024   Code   RO         3596    i.pxPortInitialiseStack  port.o
    0x08003a40   0x08003a40   0x0000000e   Code   RO          350    i.readpin           dht11.o
    0x08003a4e   0x08003a4e   0x00000002   PAD
    0x08003a50   0x08003a50   0x00000094   Code   RO          846    i.start_cooking     micro_wave_oven.o
    0x08003ae4   0x08003ae4   0x000000f8   Code   RO            9    i.start_task        main.o
    0x08003bdc   0x08003bdc   0x00000070   Code   RO          847    i.stop_cooking      micro_wave_oven.o
    0x08003c4c   0x08003c4c   0x000000a0   Code   RO          934    i.uart_init         usart.o
    0x08003cec   0x08003cec   0x00000028   Code   RO         2771    i.uxListRemove      list.o
    0x08003d14   0x08003d14   0x0000001a   Code   RO         2772    i.vListInitialise   list.o
    0x08003d2e   0x08003d2e   0x00000006   Code   RO         2773    i.vListInitialiseItem  list.o
    0x08003d34   0x08003d34   0x00000034   Code   RO         2774    i.vListInsert       list.o
    0x08003d68   0x08003d68   0x00000018   Code   RO         2775    i.vListInsertEnd    list.o
    0x08003d80   0x08003d80   0x00000088   Code   RO         3598    i.vPortEnterCritical  port.o
    0x08003e08   0x08003e08   0x00000070   Code   RO         3599    i.vPortExitCritical  port.o
    0x08003e78   0x08003e78   0x000000b8   Code   RO         3548    i.vPortFree         heap_4.o
    0x08003f30   0x08003f30   0x0000005c   Code   RO         3600    i.vPortSetupTimerInterrupt  port.o
    0x08003f8c   0x08003f8c   0x00000158   Code   RO         3601    i.vPortSuppressTicksAndSleep  port.o
    0x080040e4   0x080040e4   0x000000a0   Code   RO         3602    i.vPortValidateInterruptPriority  port.o
    0x08004184   0x08004184   0x0000002c   Code   RO         2821    i.vQueueAddToRegistry  queue.o
    0x080041b0   0x080041b0   0x0000004a   Code   RO         2825    i.vQueueWaitForMessageRestricted  queue.o
    0x080041fa   0x080041fa   0x00000002   PAD
    0x080041fc   0x080041fc   0x00000074   Code   RO         3060    i.vTaskDelay        tasks.o
    0x08004270   0x08004270   0x0000010c   Code   RO         3062    i.vTaskDelete       tasks.o
    0x0800437c   0x0800437c   0x0000000c   Code   RO         3066    i.vTaskMissedYield  tasks.o
    0x08004388   0x08004388   0x00000054   Code   RO         3068    i.vTaskPlaceOnEventList  tasks.o
    0x080043dc   0x080043dc   0x0000005c   Code   RO         3069    i.vTaskPlaceOnEventListRestricted  tasks.o
    0x08004438   0x08004438   0x000000b0   Code   RO         3071    i.vTaskPriorityInherit  tasks.o
    0x080044e8   0x080044e8   0x0000004c   Code   RO         3075    i.vTaskSetTimeOutState  tasks.o
    0x08004534   0x08004534   0x000000ac   Code   RO         3076    i.vTaskStartScheduler  tasks.o
    0x080045e0   0x080045e0   0x00000060   Code   RO         3077    i.vTaskStepTick     tasks.o
    0x08004640   0x08004640   0x00000010   Code   RO         3079    i.vTaskSuspendAll   tasks.o
    0x08004650   0x08004650   0x000000a8   Code   RO         3080    i.vTaskSwitchContext  tasks.o
    0x080046f8   0x080046f8   0x000000a0   Code   RO         3603    i.xPortStartScheduler  port.o
    0x08004798   0x08004798   0x00000034   Code   RO         3604    i.xPortSysTickHandler  port.o
    0x080047cc   0x080047cc   0x00000074   Code   RO         2830    i.xQueueGenericCreate  queue.o
    0x08004840   0x08004840   0x000001c8   Code   RO         2831    i.xQueueGenericReceive  queue.o
    0x08004a08   0x08004a08   0x000000b0   Code   RO         2832    i.xQueueGenericReset  queue.o
    0x08004ab8   0x08004ab8   0x000001c4   Code   RO         2833    i.xQueueGenericSend  queue.o
    0x08004c7c   0x08004c7c   0x00000110   Code   RO         2834    i.xQueueGenericSendFromISR  queue.o
    0x08004d8c   0x08004d8c   0x000000fc   Code   RO         2835    i.xQueueGiveFromISR  queue.o
    0x08004e88   0x08004e88   0x000000a0   Code   RO         3081    i.xTaskCheckForTimeOut  tasks.o
    0x08004f28   0x08004f28   0x00000060   Code   RO         3082    i.xTaskCreate       tasks.o
    0x08004f88   0x08004f88   0x00000020   Code   RO         3086    i.xTaskGetSchedulerState  tasks.o
    0x08004fa8   0x08004fa8   0x0000000c   Code   RO         3087    i.xTaskGetTickCount  tasks.o
    0x08004fb4   0x08004fb4   0x00000160   Code   RO         3089    i.xTaskIncrementTick  tasks.o
    0x08005114   0x08005114   0x000000d8   Code   RO         3092    i.xTaskPriorityDisinherit  tasks.o
    0x080051ec   0x080051ec   0x000000b8   Code   RO         3093    i.xTaskRemoveFromEventList  tasks.o
    0x080052a4   0x080052a4   0x00000120   Code   RO         3095    i.xTaskResumeAll    tasks.o
    0x080053c4   0x080053c4   0x00000074   Code   RO         3428    i.xTimerCreateTimerTask  timers.o
    0x08005438   0x08005438   0x000000a4   Code   RO         3429    i.xTimerGenericCommand  timers.o
    0x080054dc   0x080054dc   0x000016ae   Data   RO          512    .constdata          gui.o
    0x08006b8a   0x08006b8a   0x00000002   PAD
    0x08006b8c   0x08006b8c   0x00000020   Data   RO         3906    Region$$Table       anon$$obj.o


    Execution Region RW_IRAM1 (Exec base: 0x20000000, Load base: 0x08006bac, Size: 0x00003390, Max: 0x00005000, ABSOLUTE)

    Exec Addr    Load Addr    Size         Type   Attr      Idx    E Section Name        Object

    0x20000000   0x08006bac   0x00000040   Data   RW           10    .data               main.o
    0x20000040   0x08006bec   0x00000014   Data   RW          315    .data               system_stm32f10x.o
    0x20000054   0x08006c00   0x0000000c   Data   RW          351    .data               dht11.o
    0x20000060   0x08006c0c   0x00000006   Data   RW          643    .data               lcd.o
    0x20000066   0x08006c12   0x00000002   PAD
    0x20000068   0x08006c14   0x00000006   Data   RW          936    .data               usart.o
    0x2000006e   0x08006c1a   0x00000004   Data   RW          980    .data               delay.o
    0x20000072   0x08006c1e   0x00000014   Data   RW         1525    .data               stm32f10x_rcc.o
    0x20000086   0x08006c32   0x00000002   PAD
    0x20000088   0x08006c34   0x0000003c   Data   RW         3098    .data               tasks.o
    0x200000c4   0x08006c70   0x00000014   Data   RW         3437    .data               timers.o
    0x200000d8   0x08006c84   0x00000018   Data   RW         3553    .data               heap_4.o
    0x200000f0   0x08006c9c   0x00000018   Data   RW         3605    .data               port.o
    0x20000108        -       0x0000000e   Zero   RW          642    .bss                lcd.o
    0x20000116        -       0x000000c8   Zero   RW          935    .bss                usart.o
    0x200001de   0x08006cb4   0x00000002   PAD
    0x200001e0        -       0x00000040   Zero   RW         2845    .bss                queue.o
    0x20000220        -       0x000002e4   Zero   RW         3097    .bss                tasks.o
    0x20000504        -       0x00000028   Zero   RW         3436    .bss                timers.o
    0x2000052c        -       0x00002800   Zero   RW         3552    .bss                heap_4.o
    0x20002d2c        -       0x00000060   Zero   RW         3784    .bss                c_w.l(libspace.o)
    0x20002d8c   0x08006cb4   0x00000004   PAD
    0x20002d90        -       0x00000200   Zero   RW         1037    HEAP                startup_stm32f10x_md.o
    0x20002f90        -       0x00000400   Zero   RW         1036    STACK               startup_stm32f10x_md.o


==============================================================================

Image component sizes


      Code (inc. data)   RO Data    RW Data    ZI Data      Debug   Object Name

       290         36          0          0          0       3157   beep.o
       268         26          0          4          0       2913   delay.o
       600         40          0         12          0       4440   dht11.o
         0          0          0          0          0      10384   event_groups.o
       144          0          0          0          0        597   exti.o
      1682         70       5806          0          0       9832   gui.o
       752        176          0         24      10240       3903   heap_4.o
      1200         68          0          6         14       8877   lcd.o
       226         30          0          0          0       2507   led.o
       148          0          0          0          0       3098   list.o
      1912        328          0         64          0     282025   main.o
       696        120          0          0          0       5724   micro_wave_oven.o
       172         22          0          0          0       2097   misc.o
      1354        342          0         24          0      11562   port.o
      2416        274          0          0         64      14201   queue.o
       186          8          0          0          0       1448   spi.o
        64         26        236          0       1536        816   startup_stm32f10x_md.o
       200         18          0          0          0       2152   stm32f10x_exti.o
       368          4          0          0          0       4334   stm32f10x_gpio.o
        20          0          0          0          0       2537   stm32f10x_it.o
       276         32          0         20          0       4490   stm32f10x_rcc.o
        84          0          0          0          0       2157   stm32f10x_spi.o
       622         62          0          0          0       7360   stm32f10x_tim.o
       352          6          0          0          0       4808   stm32f10x_usart.o
         0          0          0          0          0         32   sys.o
       328         28          0         20          0       2137   system_stm32f10x.o
      3754       1008          0         60        740      30693   tasks.o
       376         20          0          0          0       2156   timer.o
      1310        312          0         20         40       8575   timers.o
       328         28          0          6        200       4204   usart.o

    ----------------------------------------------------------------------
     20156       3084       6076        264      12836     443216   Object Totals
         0          0         32          0          0          0   (incl. Generated)
        28          0          2          4          2          0   (incl. Padding)

    ----------------------------------------------------------------------

      Code (inc. data)   RO Data    RW Data    ZI Data      Debug   Library Member Name

         8          0          0          0          0         68   __main.o
       104          0          0          0          0         84   __printf.o
         0          0          0          0          0          0   __rtentry.o
        12          0          0          0          0          0   __rtentry2.o
         6          0          0          0          0          0   __rtentry4.o
        52          8          0          0          0          0   __scatter.o
        26          0          0          0          0          0   __scatter_copy.o
        28          0          0          0          0          0   __scatter_zi.o
        44          0          0          0          0        108   _printf_char.o
        48          6          0          0          0         96   _printf_char_common.o
        36          4          0          0          0         80   _printf_char_file.o
         6          0          0          0          0          0   _printf_d.o
       120         16          0          0          0         92   _printf_dec.o
       178          0          0          0          0         88   _printf_intcommon.o
         0          0          0          0          0          0   _printf_percent.o
         4          0          0          0          0          0   _printf_percent_end.o
         6          0          0          0          0          0   _printf_s.o
        82          0          0          0          0         80   _printf_str.o
        16          0          0          0          0         68   aeabi_memset.o
        18          0          0          0          0         80   exit.o
         8          0          0          0          0         68   ferror.o
         6          0          0          0          0        152   heapauxi.o
         2          0          0          0          0          0   libinit.o
         2          0          0          0          0          0   libinit2.o
         2          0          0          0          0          0   libshutdown.o
         2          0          0          0          0          0   libshutdown2.o
         8          4          0          0         96         68   libspace.o
        24          4          0          0          0         84   noretval__2printf.o
        68          0          0          0          0         68   rt_memclr.o
        78          0          0          0          0         80   rt_memclr_w.o
       138          0          0          0          0         68   rt_memcpy_v6.o
       100          0          0          0          0         80   rt_memcpy_w.o
         2          0          0          0          0          0   rtexit.o
        10          0          0          0          0          0   rtexit2.o
        74          0          0          0          0         80   sys_stackheap_outer.o
         2          0          0          0          0         68   use_no_semi.o
         2          0          0          0          0         68   use_no_semi_2.o

    ----------------------------------------------------------------------
      1332         42          0          0        100       1728   Library Totals
        10          0          0          0          4          0   (incl. Padding)

    ----------------------------------------------------------------------

      Code (inc. data)   RO Data    RW Data    ZI Data      Debug   Library Name

      1322         42          0          0         96       1728   c_w.l

    ----------------------------------------------------------------------
      1332         42          0          0        100       1728   Library Totals

    ----------------------------------------------------------------------

==============================================================================


      Code (inc. data)   RO Data    RW Data    ZI Data      Debug   

     21488       3126       6076        264      12936     434748   Grand Totals
     21488       3126       6076        264      12936     434748   ELF Image Totals
     21488       3126       6076        264          0          0   ROM Totals

==============================================================================

    Total RO  Size (Code + RO Data)                27564 (  26.92kB)
    Total RW  Size (RW Data + ZI Data)             13200 (  12.89kB)
    Total ROM Size (Code + RO Data + RW Data)      27828 (  27.18kB)

==============================================================================

